Archive member included because of file (symbol)

../../../STM32F401-Discovery_FW_V1.0.0/libstm32f4.a(stm32f4xx_adc.o)
                              selftest.o (ADC_Init)
../../../STM32F401-Discovery_FW_V1.0.0/libstm32f4.a(stm32f4xx_dma.o)
                              ../../Utilities/STM32F401-Discovery//stm32f401_discovery_audio_codec.o (DMA_DeInit)
../../../STM32F401-Discovery_FW_V1.0.0/libstm32f4.a(stm32f4xx_exti.o)
                              ../../Utilities/STM32F401-Discovery//stm32f401_discovery.o (EXTI_Init)
../../../STM32F401-Discovery_FW_V1.0.0/libstm32f4.a(stm32f4xx_flash.o)
                              main.o (FLASH_Unlock)
../../../STM32F401-Discovery_FW_V1.0.0/libstm32f4.a(stm32f4xx_gpio.o)
                              main.o (GPIO_Init)
../../../STM32F401-Discovery_FW_V1.0.0/libstm32f4.a(stm32f4xx_i2c.o)
                              ../../Utilities/STM32F401-Discovery//stm32f401_discovery_audio_codec.o (I2C_DeInit)
../../../STM32F401-Discovery_FW_V1.0.0/libstm32f4.a(stm32f4xx_rcc.o)
                              main.o (RCC_GetClocksFreq)
../../../STM32F401-Discovery_FW_V1.0.0/libstm32f4.a(stm32f4xx_spi.o)
                              selftest.o (SPI_I2S_DeInit)
../../../STM32F401-Discovery_FW_V1.0.0/libstm32f4.a(stm32f4xx_syscfg.o)
                              ../../Utilities/STM32F401-Discovery//stm32f401_discovery.o (SYSCFG_EXTILineConfig)
../../../STM32F401-Discovery_FW_V1.0.0/libstm32f4.a(stm32f4xx_tim.o)
                              main.o (TIM_TimeBaseInit)
../../../STM32F401-Discovery_FW_V1.0.0/libstm32f4.a(misc.o)
                              usb_bsp.o (NVIC_PriorityGroupConfig)
/usr/local/toolchains/gcc-arm-none-eabi-4_8-2014q1/bin/../lib/gcc/arm-none-eabi/4.8.3/../../../../arm-none-eabi/lib/armv7e-m/fpu/libg.a(lib_a-exit.o)
                              /usr/local/toolchains/gcc-arm-none-eabi-4_8-2014q1/bin/../lib/gcc/arm-none-eabi/4.8.3/../../../../arm-none-eabi/lib/armv7e-m/fpu/crt0.o (exit)
/usr/local/toolchains/gcc-arm-none-eabi-4_8-2014q1/bin/../lib/gcc/arm-none-eabi/4.8.3/../../../../arm-none-eabi/lib/armv7e-m/fpu/libg.a(lib_a-impure.o)
                              /usr/local/toolchains/gcc-arm-none-eabi-4_8-2014q1/bin/../lib/gcc/arm-none-eabi/4.8.3/../../../../arm-none-eabi/lib/armv7e-m/fpu/libg.a(lib_a-exit.o) (_global_impure_ptr)
/usr/local/toolchains/gcc-arm-none-eabi-4_8-2014q1/bin/../lib/gcc/arm-none-eabi/4.8.3/../../../../arm-none-eabi/lib/armv7e-m/fpu/libg.a(lib_a-init.o)
                              /usr/local/toolchains/gcc-arm-none-eabi-4_8-2014q1/bin/../lib/gcc/arm-none-eabi/4.8.3/../../../../arm-none-eabi/lib/armv7e-m/fpu/crt0.o (__libc_init_array)
/usr/local/toolchains/gcc-arm-none-eabi-4_8-2014q1/bin/../lib/gcc/arm-none-eabi/4.8.3/../../../../arm-none-eabi/lib/armv7e-m/fpu/libg.a(lib_a-memset.o)
                              /usr/local/toolchains/gcc-arm-none-eabi-4_8-2014q1/bin/../lib/gcc/arm-none-eabi/4.8.3/../../../../arm-none-eabi/lib/armv7e-m/fpu/crt0.o (memset)
/usr/local/toolchains/gcc-arm-none-eabi-4_8-2014q1/bin/../lib/gcc/arm-none-eabi/4.8.3/../../../../arm-none-eabi/lib/armv7e-m/fpu/libg.a(lib_a-__call_atexit.o)
                              /usr/local/toolchains/gcc-arm-none-eabi-4_8-2014q1/bin/../lib/gcc/arm-none-eabi/4.8.3/../../../../arm-none-eabi/lib/armv7e-m/fpu/libg.a(lib_a-exit.o) (__call_exitprocs)
/usr/local/toolchains/gcc-arm-none-eabi-4_8-2014q1/bin/../lib/gcc/arm-none-eabi/4.8.3/../../../../arm-none-eabi/lib/armv7e-m/fpu/libg.a(lib_a-atexit.o)
                              /usr/local/toolchains/gcc-arm-none-eabi-4_8-2014q1/bin/../lib/gcc/arm-none-eabi/4.8.3/../../../../arm-none-eabi/lib/armv7e-m/fpu/libg.a(lib_a-__call_atexit.o) (atexit)
/usr/local/toolchains/gcc-arm-none-eabi-4_8-2014q1/bin/../lib/gcc/arm-none-eabi/4.8.3/../../../../arm-none-eabi/lib/armv7e-m/fpu/libg.a(lib_a-fini.o)
                              /usr/local/toolchains/gcc-arm-none-eabi-4_8-2014q1/bin/../lib/gcc/arm-none-eabi/4.8.3/../../../../arm-none-eabi/lib/armv7e-m/fpu/libg.a(lib_a-__call_atexit.o) (__libc_fini_array)
/usr/local/toolchains/gcc-arm-none-eabi-4_8-2014q1/bin/../lib/gcc/arm-none-eabi/4.8.3/../../../../arm-none-eabi/lib/armv7e-m/fpu/libg.a(lib_a-__atexit.o)
                              /usr/local/toolchains/gcc-arm-none-eabi-4_8-2014q1/bin/../lib/gcc/arm-none-eabi/4.8.3/../../../../arm-none-eabi/lib/armv7e-m/fpu/libg.a(lib_a-atexit.o) (__register_exitproc)

Allocating common symbols
Common symbol       size              file

CurrentPos          0x4               ../../Utilities/STM32F401-Discovery//stm32f401_discovery_audio_codec.o
SET_TEST_MODE       0x4               ../../../STM32F401-Discovery_FW_V1.0.0/Libraries/STM32_USB_Device_Library/Core/src/usbd_core.o
ConvData1           0x2               selftest.o
TimingDelay         0x4               main.o
Buffer_Y            0x6               main.o
Y_Offset            0x1               main.o
ADC_InitStructure   0x18              selftest.o
X_Offset            0x1               main.o
[...]
Memory Configuration

Name             Origin             Length             Attributes
FLASH            0x0000000008000000 0x0000000000040000 xr
RAM              0x0000000020000000 0x0000000000010000 xrw
MEMORY_B1        0x0000000060000000 0x0000000000000000 xr
CCMRAM           0x0000000010000000 0x0000000000000000 rw
*default*        0x0000000000000000 0xffffffffffffffff

Linker script and memory map

LOAD /usr/local/toolchains/gcc-arm-none-eabi-4_8-2014q1/bin/../lib/gcc/arm-none-eabi/4.8.3/armv7e-m/fpu/crti.o
LOAD /usr/local/toolchains/gcc-arm-none-eabi-4_8-2014q1/bin/../lib/gcc/arm-none-eabi/4.8.3/armv7e-m/fpu/crtbegin.o
LOAD /usr/local/toolchains/gcc-arm-none-eabi-4_8-2014q1/bin/../lib/gcc/arm-none-eabi/4.8.3/../../../../arm-none-eabi/lib/armv7e-m/fpu/crt0.o
LOAD main.o
LOAD stm32f4xx_it.o
LOAD system_stm32f4xx.o
LOAD usb_bsp.o
LOAD usbd_desc.o
LOAD usbd_usr.o
LOAD selftest.o
LOAD ../../Utilities/STM32F401-Discovery//stm32f401_discovery.o
LOAD ../../Utilities/STM32F401-Discovery//stm32f401_discovery_audio_codec.o
LOAD ../../Utilities/STM32F401-Discovery//stm32f401_discovery_l3gd20.o
LOAD ../../Utilities/STM32F401-Discovery//stm32f401_discovery_lsm303dlhc.o
LOAD ../../../STM32F401-Discovery_FW_V1.0.0/Libraries/STM32_USB_Device_Library/Class/hid/src/usbd_hid_core.o
LOAD ../../../STM32F401-Discovery_FW_V1.0.0/Libraries/STM32_USB_Device_Library/Core/src/usbd_core.o
LOAD ../../../STM32F401-Discovery_FW_V1.0.0/Libraries/STM32_USB_Device_Library/Core/src/usbd_ioreq.o
LOAD ../../../STM32F401-Discovery_FW_V1.0.0/Libraries/STM32_USB_Device_Library/Core/src/usbd_req.o
LOAD ../../../STM32F401-Discovery_FW_V1.0.0/Libraries/STM32_USB_OTG_Driver/src/usb_core.o
LOAD ../../../STM32F401-Discovery_FW_V1.0.0/Libraries/STM32_USB_OTG_Driver/src/usb_dcd.o
LOAD ../../../STM32F401-Discovery_FW_V1.0.0/Libraries/STM32_USB_OTG_Driver/src/usb_dcd_int.o
LOAD /var/folders/yq/clzbzy1n1xj4t983g7hdfgzw0000gn/T//ccNq8jXm.o
LOAD ../../../STM32F401-Discovery_FW_V1.0.0/libstm32f4.a
START GROUP
LOAD /usr/local/toolchains/gcc-arm-none-eabi-4_8-2014q1/bin/../lib/gcc/arm-none-eabi/4.8.3/armv7e-m/fpu/libgcc.a
LOAD /usr/local/toolchains/gcc-arm-none-eabi-4_8-2014q1/bin/../lib/gcc/arm-none-eabi/4.8.3/../../../../arm-none-eabi/lib/armv7e-m/fpu/libg.a
LOAD /usr/local/toolchains/gcc-arm-none-eabi-4_8-2014q1/bin/../lib/gcc/arm-none-eabi/4.8.3/../../../../arm-none-eabi/lib/armv7e-m/fpu/libc.a
END GROUP
LOAD /usr/local/toolchains/gcc-arm-none-eabi-4_8-2014q1/bin/../lib/gcc/arm-none-eabi/4.8.3/armv7e-m/fpu/crtend.o
LOAD /usr/local/toolchains/gcc-arm-none-eabi-4_8-2014q1/bin/../lib/gcc/arm-none-eabi/4.8.3/armv7e-m/fpu/crtn.o
                0x000000002000ffff                _estack = 0x2000ffff
                0x0000000000000000                _Min_Heap_Size = 0x0
                0x0000000000000400                _Min_Stack_Size = 0x400

.isr_vector     0x0000000008000000      0x188
                0x0000000008000000                . = ALIGN (0x4)
 *(.isr_vector)
 .isr_vector    0x0000000008000000      0x188 /var/folders/yq/clzbzy1n1xj4t983g7hdfgzw0000gn/T//ccNq8jXm.o
                0x0000000008000000                g_pfnVectors
                0x0000000008000188                . = ALIGN (0x4)

.text           0x0000000008000188     0x68b4
                0x0000000008000188                . = ALIGN (0x4)
 *(.text)
 .text          0x0000000008000188       0x54 /usr/local/toolchains/gcc-arm-none-eabi-4_8-2014q1/bin/../lib/gcc/arm-none-eabi/4.8.3/armv7e-m/fpu/crtbegin.o
 .text          0x00000000080001dc      0x3c4 ../../../STM32F401-Discovery_FW_V1.0.0/libstm32f4.a(stm32f4xx_adc.o)
                0x00000000080001dc                ADC_DeInit
                0x00000000080001f8                ADC_Init
                0x0000000008000250                ADC_StructInit
                0x0000000008000264                ADC_CommonInit
                0x000000000800028c                ADC_CommonStructInit
                0x0000000008000298                ADC_Cmd
                0x00000000080002ac                ADC_AnalogWatchdogCmd
                0x00000000080002bc                ADC_AnalogWatchdogThresholdsConfig
                0x00000000080002c4                ADC_AnalogWatchdogSingleChannelConfig
                0x00000000080002d0                ADC_TempSensorVrefintCmd
                0x00000000080002ec                ADC_VBATCmd
                0x0000000008000308                ADC_RegularChannelConfig
                0x00000000080003a0                ADC_SoftwareStartConv
                0x00000000080003ac                ADC_GetSoftwareStartConvStatus
                0x00000000080003b4                ADC_EOCOnEachRegularChannelCmd
                0x00000000080003c8                ADC_ContinuousModeCmd
                0x00000000080003dc                ADC_DiscModeChannelCountConfig
                0x00000000080003ec                ADC_DiscModeCmd
                0x0000000008000400                ADC_GetConversionValue
                0x0000000008000408                ADC_GetMultiModeConversionValue
                0x0000000008000414                ADC_DMACmd
                0x0000000008000428                ADC_DMARequestAfterLastTransferCmd
                0x000000000800043c                ADC_MultiModeDMARequestAfterLastTransferCmd
                0x0000000008000458                ADC_InjectedChannelConfig
                0x00000000080004b4                ADC_InjectedSequencerLengthConfig
                0x00000000080004c4                ADC_SetInjectedOffset
                0x00000000080004dc                ADC_ExternalTrigInjectedConvConfig
                0x00000000080004e8                ADC_ExternalTrigInjectedConvEdgeConfig
                0x00000000080004f4                ADC_SoftwareStartInjectedConv
                0x0000000008000500                ADC_GetSoftwareStartInjectedConvCmdStatus
                0x0000000008000508                ADC_AutoInjectedConvCmd
                0x000000000800051c                ADC_InjectedDiscModeCmd
                0x0000000008000530                ADC_GetInjectedConversionValue
                0x000000000800054c                ADC_ITConfig
                0x0000000008000568                ADC_GetFlagStatus
                0x0000000008000574                ADC_ClearFlag
                0x000000000800057c                ADC_GetITStatus
                0x0000000008000598                ADC_ClearITPendingBit
 .text          0x00000000080005a0      0x394 ../../../STM32F401-Discovery_FW_V1.0.0/libstm32f4.a(stm32f4xx_dma.o)
                0x00000000080005a0                DMA_DeInit
                0x00000000080006d0                DMA_Init
                0x0000000008000740                DMA_StructInit
                0x0000000008000764                DMA_Cmd
                0x0000000008000778                DMA_PeriphIncOffsetSizeConfig
                0x000000000800078c                DMA_FlowControllerConfig
                0x00000000080007a0                DMA_SetCurrDataCounter
                0x00000000080007a4                DMA_GetCurrDataCounter
                0x00000000080007ac                DMA_DoubleBufferModeConfig
                0x00000000080007c4                DMA_DoubleBufferModeCmd
                0x00000000080007d8                DMA_MemoryTargetConfig
                0x00000000080007e4                DMA_GetCurrentMemoryTarget
                0x00000000080007ec                DMA_GetCmdStatus
                0x00000000080007f4                DMA_GetFIFOStatus
                0x00000000080007fc                DMA_GetFlagStatus
                0x0000000008000838                DMA_ClearFlag
                0x000000000800086c                DMA_ITConfig
                0x00000000080008ac                DMA_GetITStatus
                0x0000000008000900                DMA_ClearITPendingBit
 .text          0x0000000008000934       0xfc ../../../STM32F401-Discovery_FW_V1.0.0/libstm32f4.a(stm32f4xx_exti.o)
                0x0000000008000934                EXTI_DeInit
                0x0000000008000950                EXTI_Init
                0x00000000080009d0                EXTI_StructInit
                0x00000000080009e0                EXTI_GenerateSWInterrupt
                0x00000000080009f0                EXTI_GetFlagStatus
                0x0000000008000a04                EXTI_ClearFlag
                0x0000000008000a10                EXTI_GetITStatus
                0x0000000008000a24                EXTI_ClearITPendingBit
 .text          0x0000000008000a30      0x5b0 ../../../STM32F401-Discovery_FW_V1.0.0/libstm32f4.a(stm32f4xx_flash.o)
                0x0000000008000a30                FLASH_SetLatency
                0x0000000008000a3c                FLASH_PrefetchBufferCmd
                0x0000000008000a58                FLASH_InstructionCacheCmd
                0x0000000008000a74                FLASH_DataCacheCmd
                0x0000000008000a90                FLASH_InstructionCacheReset
                0x0000000008000aa0                FLASH_DataCacheReset
                0x0000000008000ab0                FLASH_Unlock
                0x0000000008000ad0                FLASH_Lock
                0x0000000008000ae0                FLASH_OB_Unlock
                0x0000000008000b00                FLASH_OB_Lock
                0x0000000008000b10                FLASH_OB_PCROPSelectionConfig
                0x0000000008000b24                FLASH_OB_BootConfig
                0x0000000008000b3c                FLASH_OB_BORConfig
                0x0000000008000b54                FLASH_OB_GetUser
                0x0000000008000b64                FLASH_OB_GetWRP
                0x0000000008000b70                FLASH_OB_GetWRP1
                0x0000000008000b7c                FLASH_OB_GetPCROP
                0x0000000008000b88                FLASH_OB_GetPCROP1
                0x0000000008000b94                FLASH_OB_GetRDP
                0x0000000008000ba4                FLASH_OB_GetBOR
                0x0000000008000bb4                FLASH_ITConfig
                0x0000000008000bcc                FLASH_GetFlagStatus
                0x0000000008000be0                FLASH_ClearFlag
                0x0000000008000bec                FLASH_GetStatus
                0x0000000008000c2c                FLASH_WaitForLastOperation
                0x0000000008000c54                FLASH_EraseSector
                0x0000000008000cc8                FLASH_EraseAllSectors
                0x0000000008000d24                FLASH_EraseAllBank1Sectors
                0x0000000008000d80                FLASH_EraseAllBank2Sectors
                0x0000000008000ddc                FLASH_ProgramDoubleWord
                0x0000000008000e20                FLASH_ProgramWord
                0x0000000008000e60                FLASH_ProgramHalfWord
                0x0000000008000ea0                FLASH_ProgramByte
                0x0000000008000edc                FLASH_OB_WRPConfig
                0x0000000008000f08                FLASH_OB_WRP1Config
                0x0000000008000f34                FLASH_OB_PCROPConfig
                0x0000000008000f60                FLASH_OB_PCROP1Config
                0x0000000008000f8c                FLASH_OB_RDPConfig
                0x0000000008000fa4                FLASH_OB_UserConfig
                0x0000000008000fcc                FLASH_OB_Launch
 .text          0x0000000008000fe0      0x2c0 ../../../STM32F401-Discovery_FW_V1.0.0/libstm32f4.a(stm32f4xx_gpio.o)
                0x0000000008000fe0                GPIO_DeInit
                0x000000000800113c                GPIO_Init
                0x00000000080011f8                GPIO_StructInit
                0x000000000800120c                GPIO_PinLockConfig
                0x0000000008001230                GPIO_ReadInputDataBit
                0x000000000800123c                GPIO_ReadInputData
                0x0000000008001244                GPIO_ReadOutputDataBit
                0x0000000008001250                GPIO_ReadOutputData
                0x0000000008001258                GPIO_SetBits
                0x000000000800125c                GPIO_ResetBits
                0x0000000008001260                GPIO_WriteBit
                0x000000000800126c                GPIO_Write
                0x0000000008001270                GPIO_ToggleBits
                0x0000000008001278                GPIO_PinAFConfig
 .text          0x00000000080012a0      0x480 ../../../STM32F401-Discovery_FW_V1.0.0/libstm32f4.a(stm32f4xx_i2c.o)
                0x00000000080012a0                I2C_DeInit
                0x000000000800130c                I2C_Init
                0x00000000080013ec                I2C_StructInit
                0x0000000008001410                I2C_Cmd
                0x000000000800142c                I2C_AnalogFilterCmd
                0x0000000008001448                I2C_DigitalFilterConfig
                0x000000000800145c                I2C_GenerateSTART
                0x0000000008001478                I2C_GenerateSTOP
                0x0000000008001494                I2C_Send7bitAddress
                0x00000000080014a8                I2C_AcknowledgeConfig
                0x00000000080014c4                I2C_OwnAddress2Config
                0x00000000080014d8                I2C_DualAddressCmd
                0x00000000080014f4                I2C_GeneralCallCmd
                0x0000000008001510                I2C_SoftwareResetCmd
                0x000000000800152c                I2C_StretchClockCmd
                0x0000000008001548                I2C_FastModeDutyCycleConfig
                0x0000000008001568                I2C_NACKPositionConfig
                0x0000000008001588                I2C_SMBusAlertConfig
                0x00000000080015a8                I2C_ARPCmd
                0x00000000080015c4                I2C_SendData
                0x00000000080015c8                I2C_ReceiveData
                0x00000000080015d0                I2C_TransmitPEC
                0x00000000080015ec                I2C_PECPositionConfig
                0x000000000800160c                I2C_CalculatePEC
                0x0000000008001628                I2C_GetPEC
                0x0000000008001630                I2C_DMACmd
                0x000000000800164c                I2C_DMALastTransferCmd
                0x0000000008001668                I2C_ReadRegister
                0x0000000008001680                I2C_ITConfig
                0x0000000008001694                I2C_CheckEvent
                0x00000000080016ac                I2C_GetLastEvent
                0x00000000080016bc                I2C_GetFlagStatus
                0x00000000080016f4                I2C_ClearFlag
                0x00000000080016fc                I2C_GetITStatus
                0x0000000008001718                I2C_ClearITPendingBit
 .text          0x0000000008001720      0x53c ../../../STM32F401-Discovery_FW_V1.0.0/libstm32f4.a(stm32f4xx_rcc.o)
                0x0000000008001720                RCC_DeInit
                0x0000000008001770                RCC_HSEConfig
                0x0000000008001780                RCC_WaitForHSEStartUp
                0x00000000080017b8                RCC_AdjustHSICalibrationValue
                0x00000000080017cc                RCC_HSICmd
                0x00000000080017d8                RCC_LSEConfig
                0x00000000080017f8                RCC_LSICmd
                0x0000000008001804                RCC_PLLConfig
                0x0000000008001828                RCC_PLLCmd
                0x0000000008001834                RCC_PLLI2SConfig
                0x0000000008001848                RCC_PLLI2SCmd
                0x0000000008001854                RCC_PLLSAIConfig
                0x000000000800186c                RCC_PLLSAICmd
                0x0000000008001878                RCC_ClockSecuritySystemCmd
                0x0000000008001884                RCC_MCO1Config
                0x0000000008001898                RCC_MCO2Config
                0x00000000080018ac                RCC_SYSCLKConfig
                0x00000000080018c0                RCC_GetSYSCLKSource
                0x00000000080018d0                RCC_HCLKConfig
                0x00000000080018e4                RCC_PCLK1Config
                0x00000000080018f8                RCC_PCLK2Config
                0x000000000800190c                RCC_GetClocksFreq
                0x000000000800199c                RCC_RTCCLKConfig
                0x00000000080019cc                RCC_RTCCLKCmd
                0x00000000080019d8                RCC_BackupResetCmd
                0x00000000080019e4                RCC_I2SCLKConfig
                0x00000000080019f0                RCC_SAIPLLI2SClkDivConfig
                0x0000000008001a08                RCC_SAIPLLSAIClkDivConfig
                0x0000000008001a24                RCC_SAIBlockACLKConfig
                0x0000000008001a3c                RCC_SAIBlockBCLKConfig
                0x0000000008001a54                RCC_LTDCCLKDivConfig
                0x0000000008001a6c                RCC_TIMCLKPresConfig
                0x0000000008001a78                RCC_AHB1PeriphClockCmd
                0x0000000008001a90                RCC_AHB2PeriphClockCmd
                0x0000000008001aa8                RCC_AHB3PeriphClockCmd
                0x0000000008001ac0                RCC_APB1PeriphClockCmd
                0x0000000008001ad8                RCC_APB2PeriphClockCmd
                0x0000000008001af0                RCC_AHB1PeriphResetCmd
                0x0000000008001b08                RCC_AHB2PeriphResetCmd
                0x0000000008001b20                RCC_AHB3PeriphResetCmd
                0x0000000008001b38                RCC_APB1PeriphResetCmd
                0x0000000008001b50                RCC_APB2PeriphResetCmd
                0x0000000008001b68                RCC_AHB1PeriphClockLPModeCmd
                0x0000000008001b80                RCC_AHB2PeriphClockLPModeCmd
                0x0000000008001b98                RCC_AHB3PeriphClockLPModeCmd
                0x0000000008001bb0                RCC_APB1PeriphClockLPModeCmd
                0x0000000008001bc8                RCC_APB2PeriphClockLPModeCmd
                0x0000000008001be0                RCC_ITConfig
                0x0000000008001bf8                RCC_GetFlagStatus
                0x0000000008001c2c                RCC_ClearFlag
                0x0000000008001c3c                RCC_GetITStatus
                0x0000000008001c50                RCC_ClearITPendingBit
 .text          0x0000000008001c5c      0x410 ../../../STM32F401-Discovery_FW_V1.0.0/libstm32f4.a(stm32f4xx_spi.o)
                0x0000000008001c5c                SPI_I2S_DeInit
                0x0000000008001d2c                SPI_Init
                0x0000000008001d80                I2S_Init
                0x0000000008001e60                SPI_StructInit
                0x0000000008001e78                I2S_StructInit
                0x0000000008001e8c                SPI_Cmd
                0x0000000008001ea8                I2S_Cmd
                0x0000000008001ec4                SPI_DataSizeConfig
                0x0000000008001edc                SPI_BiDirectionalLineConfig
                0x0000000008001efc                SPI_NSSInternalSoftwareConfig
                0x0000000008001f1c                SPI_SSOutputCmd
                0x0000000008001f38                SPI_TIModeCmd
                0x0000000008001f54                I2S_FullDuplexConfig
                0x0000000008001f9c                SPI_I2S_ReceiveData
                0x0000000008001fa4                SPI_I2S_SendData
                0x0000000008001fa8                SPI_CalculateCRC
                0x0000000008001fc4                SPI_TransmitCRC
                0x0000000008001fd0                SPI_GetCRC
                0x0000000008001fdc                SPI_GetCRCPolynomial
                0x0000000008001fe4                SPI_I2S_DMACmd
                0x0000000008001ff8                SPI_I2S_ITConfig
                0x0000000008002018                SPI_I2S_GetFlagStatus
                0x0000000008002024                SPI_I2S_ClearFlag
                0x000000000800202c                SPI_I2S_GetITStatus
                0x0000000008002058                SPI_I2S_ClearITPendingBit
 .text          0x000000000800206c       0x8c ../../../STM32F401-Discovery_FW_V1.0.0/libstm32f4.a(stm32f4xx_syscfg.o)
                0x000000000800206c                SYSCFG_DeInit
                0x0000000008002088                SYSCFG_MemoryRemapConfig
                0x0000000008002094                SYSCFG_MemorySwappingBank
                0x00000000080020a0                SYSCFG_EXTILineConfig
                0x00000000080020d0                SYSCFG_ETH_MediaInterfaceConfig
                0x00000000080020dc                SYSCFG_CompensationCellCmd
                0x00000000080020e8                SYSCFG_GetCompensationCellStatus
 .text          0x00000000080020f8      0xdbc ../../../STM32F401-Discovery_FW_V1.0.0/libstm32f4.a(stm32f4xx_tim.o)
                0x00000000080020f8                TIM_DeInit
                0x00000000080022b0                TIM_TimeBaseInit
                0x000000000800234c                TIM_TimeBaseStructInit
                0x0000000008002360                TIM_PrescalerConfig
                0x0000000008002368                TIM_CounterModeConfig
                0x0000000008002378                TIM_SetCounter
                0x000000000800237c                TIM_SetAutoreload
                0x0000000008002380                TIM_GetCounter
                0x0000000008002384                TIM_GetPrescaler
                0x000000000800238c                TIM_UpdateDisableConfig
                0x00000000080023a8                TIM_UpdateRequestConfig
                0x00000000080023c4                TIM_ARRPreloadConfig
                0x00000000080023e0                TIM_SelectOnePulseMode
                0x00000000080023f8                TIM_SetClockDivision
                0x0000000008002410                TIM_Cmd
                0x000000000800242c                TIM_OC1Init
                0x00000000080024ac                TIM_OC2Init
                0x000000000800253c                TIM_OC3Init
                0x00000000080025c8                TIM_OC4Init
                0x0000000008002634                TIM_OCStructInit
                0x0000000008002648                TIM_SelectOCxM
                0x0000000008002698                TIM_SetCompare1
                0x000000000800269c                TIM_SetCompare2
                0x00000000080026a0                TIM_SetCompare3
                0x00000000080026a4                TIM_SetCompare4
                0x00000000080026a8                TIM_ForcedOC1Config
                0x00000000080026b8                TIM_ForcedOC2Config
                0x00000000080026cc                TIM_ForcedOC3Config
                0x00000000080026dc                TIM_ForcedOC4Config
                0x00000000080026f0                TIM_OC1PreloadConfig
                0x0000000008002700                TIM_OC2PreloadConfig
                0x0000000008002714                TIM_OC3PreloadConfig
                0x0000000008002724                TIM_OC4PreloadConfig
                0x0000000008002738                TIM_OC1FastConfig
                0x0000000008002748                TIM_OC2FastConfig
                0x000000000800275c                TIM_OC3FastConfig
                0x000000000800276c                TIM_OC4FastConfig
                0x0000000008002780                TIM_ClearOC1Ref
                0x0000000008002790                TIM_ClearOC2Ref
                0x00000000080027a0                TIM_ClearOC3Ref
                0x00000000080027b0                TIM_ClearOC4Ref
                0x00000000080027c0                TIM_OC1PolarityConfig
                0x00000000080027d0                TIM_OC1NPolarityConfig
                0x00000000080027e0                TIM_OC2PolarityConfig
                0x00000000080027f4                TIM_OC2NPolarityConfig
                0x0000000008002808                TIM_OC3PolarityConfig
                0x000000000800281c                TIM_OC3NPolarityConfig
                0x0000000008002830                TIM_OC4PolarityConfig
                0x0000000008002844                TIM_CCxCmd
                0x0000000008002864                TIM_CCxNCmd
                0x0000000008002884                TIM_ICInit
                0x00000000080029ec                TIM_ICStructInit
                0x00000000080029fc                TIM_PWMIConfig
                0x0000000008002b4c                TIM_GetCapture1
                0x0000000008002b50                TIM_GetCapture2
                0x0000000008002b54                TIM_GetCapture3
                0x0000000008002b58                TIM_GetCapture4
                0x0000000008002b5c                TIM_SetIC1Prescaler
                0x0000000008002b74                TIM_SetIC2Prescaler
                0x0000000008002b90                TIM_SetIC3Prescaler
                0x0000000008002ba8                TIM_SetIC4Prescaler
                0x0000000008002bc4                TIM_BDTRConfig
                0x0000000008002bf0                TIM_BDTRStructInit
                0x0000000008002c04                TIM_CtrlPWMOutputs
                0x0000000008002c24                TIM_SelectCOM
                0x0000000008002c40                TIM_CCPreloadControl
                0x0000000008002c5c                TIM_ITConfig
                0x0000000008002c70                TIM_GenerateEvent
                0x0000000008002c74                TIM_GetFlagStatus
                0x0000000008002c80                TIM_ClearFlag
                0x0000000008002c88                TIM_GetITStatus
                0x0000000008002ca0                TIM_ClearITPendingBit
                0x0000000008002ca8                TIM_DMAConfig
                0x0000000008002cb0                TIM_DMACmd
                0x0000000008002cc4                TIM_SelectCCDMA
                0x0000000008002ce0                TIM_InternalClockConfig
                0x0000000008002cf0                TIM_ITRxExternalClockConfig
                0x0000000008002d0c                TIM_TIxExternalClockConfig
                0x0000000008002d94                TIM_ETRClockMode1Config
                0x0000000008002dbc                TIM_ETRClockMode2Config
                0x0000000008002de0                TIM_SelectInputTrigger
                0x0000000008002df0                TIM_SelectOutputTrigger
                0x0000000008002e08                TIM_SelectSlaveMode
                0x0000000008002e20                TIM_SelectMasterSlaveMode
                0x0000000008002e38                TIM_ETRConfig
                0x0000000008002e50                TIM_EncoderInterfaceConfig
                0x0000000008002e90                TIM_SelectHallSensor
                0x0000000008002eac                TIM_RemapConfig
 .text          0x0000000008002eb4       0xd0 ../../../STM32F401-Discovery_FW_V1.0.0/libstm32f4.a(misc.o)
                0x0000000008002eb4                NVIC_PriorityGroupConfig
                0x0000000008002ec8                NVIC_Init
                0x0000000008002f40                NVIC_SetVectorTable
                0x0000000008002f54                NVIC_SystemLPConfig
                0x0000000008002f6c                SysTick_CLKSourceConfig
 *(.text*)
 .text.Delay    0x0000000008002f84       0x18 main.o
                0x0000000008002f84                Delay
 .text.Demo_Exec
                0x0000000008002f9c      0x310 main.o
 .text.startup.main
                0x00000000080032ac      0x110 main.o
                0x00000000080032ac                main
 .text.TimingDelay_Decrement
                0x00000000080033bc       0x14 main.o
                0x00000000080033bc                TimingDelay_Decrement
 .text.Fail_Handler
                0x00000000080033d0       0x28 main.o
                0x00000000080033d0                Fail_Handler
 .text.L3GD20_TIMEOUT_UserCallback
                0x00000000080033f8       0x14 main.o
                0x00000000080033f8                L3GD20_TIMEOUT_UserCallback
 .text.NMI_Handler
                0x000000000800340c        0x2 stm32f4xx_it.o
                0x000000000800340c                NMI_Handler
 .text.HardFault_Handler
                0x000000000800340e        0x2 stm32f4xx_it.o
                0x000000000800340e                HardFault_Handler
 .text.MemManage_Handler
                0x0000000008003410        0x2 stm32f4xx_it.o
                0x0000000008003410                MemManage_Handler
 .text.BusFault_Handler
                0x0000000008003412        0x2 stm32f4xx_it.o
                0x0000000008003412                BusFault_Handler
 .text.UsageFault_Handler
                0x0000000008003414        0x2 stm32f4xx_it.o
                0x0000000008003414                UsageFault_Handler
 .text.SVC_Handler
                0x0000000008003416        0x2 stm32f4xx_it.o
                0x0000000008003416                SVC_Handler
 .text.DebugMon_Handler
                0x0000000008003418        0x2 stm32f4xx_it.o
                0x0000000008003418                DebugMon_Handler
 .text.PendSV_Handler
                0x000000000800341a        0x2 stm32f4xx_it.o
                0x000000000800341a                PendSV_Handler
 .text.SysTick_Handler
                0x000000000800341c      0x1b4 stm32f4xx_it.o
                0x000000000800341c                SysTick_Handler
 .text.EXTI0_IRQHandler
                0x00000000080035d0       0x10 stm32f4xx_it.o
                0x00000000080035d0                EXTI0_IRQHandler
 .text.OTG_FS_WKUP_IRQHandler
                0x00000000080035e0       0x30 stm32f4xx_it.o
                0x00000000080035e0                OTG_FS_WKUP_IRQHandler
 .text.OTG_FS_IRQHandler
                0x0000000008003610        0xc stm32f4xx_it.o
                0x0000000008003610                OTG_FS_IRQHandler
 .text.SystemInit
                0x000000000800361c      0x114 system_stm32f4xx.o
                0x000000000800361c                SystemInit
 .text.USB_OTG_BSP_Init
                0x0000000008003730       0xb0 usb_bsp.o
                0x0000000008003730                USB_OTG_BSP_Init
 .text.USB_OTG_BSP_EnableInterrupt
                0x00000000080037e0       0x2c usb_bsp.o
                0x00000000080037e0                USB_OTG_BSP_EnableInterrupt
 .text.USB_OTG_BSP_uDelay
                0x000000000800380c       0x14 usb_bsp.o
                0x000000000800380c                USB_OTG_BSP_uDelay
 .text.USB_OTG_BSP_mDelay
                0x0000000008003820        0xa usb_bsp.o
                0x0000000008003820                USB_OTG_BSP_mDelay
 *fill*         0x000000000800382a        0x2 
 .text.USBD_USR_DeviceDescriptor
                0x000000000800382c        0xc usbd_desc.o
                0x000000000800382c                USBD_USR_DeviceDescriptor
 .text.USBD_USR_LangIDStrDescriptor
                0x0000000008003838        0xc usbd_desc.o
                0x0000000008003838                USBD_USR_LangIDStrDescriptor
 .text.USBD_USR_ManufacturerStrDescriptor
                0x0000000008003844       0x1c usbd_desc.o
                0x0000000008003844                USBD_USR_ManufacturerStrDescriptor
 .text.USBD_USR_ProductStrDescriptor
                0x0000000008003860       0x24 usbd_desc.o
                0x0000000008003860                USBD_USR_ProductStrDescriptor
 .text.USBD_USR_SerialStrDescriptor
                0x0000000008003884       0x24 usbd_desc.o
                0x0000000008003884                USBD_USR_SerialStrDescriptor
 .text.USBD_USR_ConfigStrDescriptor
                0x00000000080038a8       0x1c usbd_desc.o
                0x00000000080038a8                USBD_USR_ConfigStrDescriptor
 .text.USBD_USR_InterfaceStrDescriptor
                0x00000000080038c4       0x1c usbd_desc.o
                0x00000000080038c4                USBD_USR_InterfaceStrDescriptor
 .text.USBD_USR_DeviceReset
                0x00000000080038e0        0x2 usbd_usr.o
                0x00000000080038e0                USBD_USR_DeviceReset
 .text.USBD_USR_DeviceConfigured
                0x00000000080038e2        0x2 usbd_usr.o
                0x00000000080038e2                USBD_USR_DeviceConfigured
 .text.USBD_USR_DeviceConnected
                0x00000000080038e4        0x2 usbd_usr.o
                0x00000000080038e4                USBD_USR_DeviceConnected
 .text.USBD_USR_DeviceDisconnected
                0x00000000080038e6        0x2 usbd_usr.o
                0x00000000080038e6                USBD_USR_DeviceDisconnected
 .text.USBD_USR_DeviceSuspended
                0x00000000080038e8        0x2 usbd_usr.o
                0x00000000080038e8                USBD_USR_DeviceSuspended
 .text.USBD_USR_DeviceResumed
                0x00000000080038ea        0x2 usbd_usr.o
                0x00000000080038ea                USBD_USR_DeviceResumed
 .text.USBD_USR_Init
                0x00000000080038ec       0x38 usbd_usr.o
                0x00000000080038ec                USBD_USR_Init
 .text.L3GD20_MEMS_Test
                0x0000000008003924       0xa8 selftest.o
                0x0000000008003924                L3GD20_MEMS_Test
 .text.USB_Test
                0x00000000080039cc      0x430 selftest.o
                0x00000000080039cc                USB_Test
 .text.Audio_Test
                0x0000000008003dfc      0x19c selftest.o
                0x0000000008003dfc                Audio_Test
 .text.Microphone_MEMS_Test
                0x0000000008003f98       0xe8 selftest.o
                0x0000000008003f98                Microphone_MEMS_Test
 .text.LSM303DLHC_CompassReadAcc
                0x0000000008004080       0xdc selftest.o
                0x0000000008004080                LSM303DLHC_CompassReadAcc
 .text.LSM303DLHC_MEMS_Test
                0x000000000800415c       0xd0 selftest.o
                0x000000000800415c                LSM303DLHC_MEMS_Test
 .text.EVAL_AUDIO_TransferComplete_CallBack
                0x000000000800422c        0x2 selftest.o
                0x000000000800422c                EVAL_AUDIO_TransferComplete_CallBack
 *fill*         0x000000000800422e        0x2 
 .text.EVAL_AUDIO_GetSampleCallBack
                0x0000000008004230       0x50 selftest.o
                0x0000000008004230                EVAL_AUDIO_GetSampleCallBack
 .text.Codec_TIMEOUT_UserCallback
                0x0000000008004280        0x2 selftest.o
                0x0000000008004280                Codec_TIMEOUT_UserCallback
 *fill*         0x0000000008004282        0x2 
 .text.STM_EVAL_LEDInit
                0x0000000008004284       0x4c ../../Utilities/STM32F401-Discovery//stm32f401_discovery.o
                0x0000000008004284                STM_EVAL_LEDInit
 .text.STM_EVAL_LEDOn
                0x00000000080042d0       0x18 ../../Utilities/STM32F401-Discovery//stm32f401_discovery.o
                0x00000000080042d0                STM_EVAL_LEDOn
 .text.STM_EVAL_LEDOff
                0x00000000080042e8       0x18 ../../Utilities/STM32F401-Discovery//stm32f401_discovery.o
                0x00000000080042e8                STM_EVAL_LEDOff
 .text.STM_EVAL_LEDToggle
                0x0000000008004300       0x1c ../../Utilities/STM32F401-Discovery//stm32f401_discovery.o
                0x0000000008004300                STM_EVAL_LEDToggle
 .text.STM_EVAL_PBInit
                0x000000000800431c       0x7c ../../Utilities/STM32F401-Discovery//stm32f401_discovery.o
                0x000000000800431c                STM_EVAL_PBInit
 .text.STM_EVAL_PBGetState
                0x0000000008004398       0x14 ../../Utilities/STM32F401-Discovery//stm32f401_discovery.o
                0x0000000008004398                STM_EVAL_PBGetState
 .text.Codec_WriteRegister
                0x00000000080043ac      0x234 ../../Utilities/STM32F401-Discovery//stm32f401_discovery_audio_codec.o
 .text.Codec_VolumeCtrl
                0x00000000080045e0       0x1c ../../Utilities/STM32F401-Discovery//stm32f401_discovery_audio_codec.o
 .text.Codec_Reset
                0x00000000080045fc       0x28 ../../Utilities/STM32F401-Discovery//stm32f401_discovery_audio_codec.o
 .text.EVAL_AUDIO_SetAudioInterface
                0x0000000008004624       0x7c ../../Utilities/STM32F401-Discovery//stm32f401_discovery_audio_codec.o
                0x0000000008004624                EVAL_AUDIO_SetAudioInterface
 .text.EVAL_AUDIO_Init
                0x00000000080046a0      0x240 ../../Utilities/STM32F401-Discovery//stm32f401_discovery_audio_codec.o
                0x00000000080046a0                EVAL_AUDIO_Init
 .text.DMA1_Stream7_IRQHandler
                0x00000000080048e0       0xb4 ../../Utilities/STM32F401-Discovery//stm32f401_discovery_audio_codec.o
                0x00000000080048e0                DMA1_Stream7_IRQHandler
 .text.SPI3_IRQHandler
                0x0000000008004994       0x24 ../../Utilities/STM32F401-Discovery//stm32f401_discovery_audio_codec.o
                0x0000000008004994                SPI3_IRQHandler
 .text.L3GD20_SendByte
                0x00000000080049b8       0x5c ../../Utilities/STM32F401-Discovery//stm32f401_discovery_l3gd20.o
 .text.L3GD20_Write
                0x0000000008004a14       0x40 ../../Utilities/STM32F401-Discovery//stm32f401_discovery_l3gd20.o
                0x0000000008004a14                L3GD20_Write
 .text.L3GD20_Init
                0x0000000008004a54      0x188 ../../Utilities/STM32F401-Discovery//stm32f401_discovery_l3gd20.o
                0x0000000008004a54                L3GD20_Init
 .text.L3GD20_Read
                0x0000000008004bdc       0x44 ../../Utilities/STM32F401-Discovery//stm32f401_discovery_l3gd20.o
                0x0000000008004bdc                L3GD20_Read
 .text.L3GD20_FilterConfig
                0x0000000008004c20       0x34 ../../Utilities/STM32F401-Discovery//stm32f401_discovery_l3gd20.o
                0x0000000008004c20                L3GD20_FilterConfig
 .text.L3GD20_FilterCmd
                0x0000000008004c54       0x2e ../../Utilities/STM32F401-Discovery//stm32f401_discovery_l3gd20.o
                0x0000000008004c54                L3GD20_FilterCmd
 *fill*         0x0000000008004c82        0x2 
 .text.LSM303DLHC_LowLevel_Init
                0x0000000008004c84      0x138 ../../Utilities/STM32F401-Discovery//stm32f401_discovery_lsm303dlhc.o
 .text.LSM303DLHC_I2C_Config
                0x0000000008004dbc       0xb4 ../../Utilities/STM32F401-Discovery//stm32f401_discovery_lsm303dlhc.o
                0x0000000008004dbc                LSM303DLHC_I2C_Config
 .text.LSM303DLHC_Read
                0x0000000008004e70      0x294 ../../Utilities/STM32F401-Discovery//stm32f401_discovery_lsm303dlhc.o
                0x0000000008004e70                LSM303DLHC_Read
 .text.LSM303DLHC_Write
                0x0000000008005104      0x120 ../../Utilities/STM32F401-Discovery//stm32f401_discovery_lsm303dlhc.o
                0x0000000008005104                LSM303DLHC_Write
 .text.LSM303DLHC_AccInit
                0x0000000008005224       0x5e ../../Utilities/STM32F401-Discovery//stm32f401_discovery_lsm303dlhc.o
                0x0000000008005224                LSM303DLHC_AccInit
 .text.LSM303DLHC_AccFilterConfig
                0x0000000008005282       0x40 ../../Utilities/STM32F401-Discovery//stm32f401_discovery_lsm303dlhc.o
                0x0000000008005282                LSM303DLHC_AccFilterConfig
 *fill*         0x00000000080052c2        0x2 
 .text.USBD_HID_GetCfgDesc
                0x00000000080052c4        0xc ../../../STM32F401-Discovery_FW_V1.0.0/Libraries/STM32_USB_Device_Library/Class/hid/src/usbd_hid_core.o
 .text.USBD_HID_DataIn
                0x00000000080052d0        0xc ../../../STM32F401-Discovery_FW_V1.0.0/Libraries/STM32_USB_Device_Library/Class/hid/src/usbd_hid_core.o
 .text.USBD_HID_Setup
                0x00000000080052dc       0xb8 ../../../STM32F401-Discovery_FW_V1.0.0/Libraries/STM32_USB_Device_Library/Class/hid/src/usbd_hid_core.o
 .text.USBD_HID_DeInit
                0x0000000008005394       0x16 ../../../STM32F401-Discovery_FW_V1.0.0/Libraries/STM32_USB_Device_Library/Class/hid/src/usbd_hid_core.o
 .text.USBD_HID_Init
                0x00000000080053aa       0x1e ../../../STM32F401-Discovery_FW_V1.0.0/Libraries/STM32_USB_Device_Library/Class/hid/src/usbd_hid_core.o
 .text.USBD_HID_SendReport
                0x00000000080053c8       0x1a ../../../STM32F401-Discovery_FW_V1.0.0/Libraries/STM32_USB_Device_Library/Class/hid/src/usbd_hid_core.o
                0x00000000080053c8                USBD_HID_SendReport
 .text.USBD_Resume
                0x00000000080053e2       0x16 ../../../STM32F401-Discovery_FW_V1.0.0/Libraries/STM32_USB_Device_Library/Core/src/usbd_core.o
 .text.USBD_Suspend
                0x00000000080053f8       0x1c ../../../STM32F401-Discovery_FW_V1.0.0/Libraries/STM32_USB_Device_Library/Core/src/usbd_core.o
 .text.USBD_SOF
                0x0000000008005414       0x10 ../../../STM32F401-Discovery_FW_V1.0.0/Libraries/STM32_USB_Device_Library/Core/src/usbd_core.o
 .text.USBD_IsoINIncomplete
                0x0000000008005424        0xe ../../../STM32F401-Discovery_FW_V1.0.0/Libraries/STM32_USB_Device_Library/Core/src/usbd_core.o
 .text.USBD_IsoOUTIncomplete
                0x0000000008005432        0xe ../../../STM32F401-Discovery_FW_V1.0.0/Libraries/STM32_USB_Device_Library/Core/src/usbd_core.o
 .text.USBD_Reset
                0x0000000008005440       0x2e ../../../STM32F401-Discovery_FW_V1.0.0/Libraries/STM32_USB_Device_Library/Core/src/usbd_core.o
 .text.USBD_SetupStage
                0x000000000800546e       0x4a ../../../STM32F401-Discovery_FW_V1.0.0/Libraries/STM32_USB_Device_Library/Core/src/usbd_core.o
 .text.USBD_DataInStage
                0x00000000080054b8       0xb4 ../../../STM32F401-Discovery_FW_V1.0.0/Libraries/STM32_USB_Device_Library/Core/src/usbd_core.o
 .text.USBD_DataOutStage
                0x000000000800556c       0x74 ../../../STM32F401-Discovery_FW_V1.0.0/Libraries/STM32_USB_Device_Library/Core/src/usbd_core.o
 .text.USBD_Init
                0x00000000080055e0       0x38 ../../../STM32F401-Discovery_FW_V1.0.0/Libraries/STM32_USB_Device_Library/Core/src/usbd_core.o
                0x00000000080055e0                USBD_Init
 .text.USBD_SetCfg
                0x0000000008005618       0x18 ../../../STM32F401-Discovery_FW_V1.0.0/Libraries/STM32_USB_Device_Library/Core/src/usbd_core.o
                0x0000000008005618                USBD_SetCfg
 .text.USBD_ClrCfg
                0x0000000008005630        0xe ../../../STM32F401-Discovery_FW_V1.0.0/Libraries/STM32_USB_Device_Library/Core/src/usbd_core.o
                0x0000000008005630                USBD_ClrCfg
 .text.USBD_CtlSendData
                0x000000000800563e       0x22 ../../../STM32F401-Discovery_FW_V1.0.0/Libraries/STM32_USB_Device_Library/Core/src/usbd_ioreq.o
                0x000000000800563e                USBD_CtlSendData
 .text.USBD_CtlContinueSendData
                0x0000000008005660       0x12 ../../../STM32F401-Discovery_FW_V1.0.0/Libraries/STM32_USB_Device_Library/Core/src/usbd_ioreq.o
                0x0000000008005660                USBD_CtlContinueSendData
 .text.USBD_CtlContinueRx
                0x0000000008005672       0x12 ../../../STM32F401-Discovery_FW_V1.0.0/Libraries/STM32_USB_Device_Library/Core/src/usbd_ioreq.o
                0x0000000008005672                USBD_CtlContinueRx
 .text.USBD_CtlSendStatus
                0x0000000008005684       0x1e ../../../STM32F401-Discovery_FW_V1.0.0/Libraries/STM32_USB_Device_Library/Core/src/usbd_ioreq.o
                0x0000000008005684                USBD_CtlSendStatus
 .text.USBD_CtlReceiveStatus
                0x00000000080056a2       0x1e ../../../STM32F401-Discovery_FW_V1.0.0/Libraries/STM32_USB_Device_Library/Core/src/usbd_ioreq.o
                0x00000000080056a2                USBD_CtlReceiveStatus
 .text.USBD_ParseSetupRequest
                0x00000000080056c0       0x44 ../../../STM32F401-Discovery_FW_V1.0.0/Libraries/STM32_USB_Device_Library/Core/src/usbd_req.o
                0x00000000080056c0                USBD_ParseSetupRequest
 .text.USBD_CtlError
                0x0000000008005704       0x1c ../../../STM32F401-Discovery_FW_V1.0.0/Libraries/STM32_USB_Device_Library/Core/src/usbd_req.o
                0x0000000008005704                USBD_CtlError
 .text.USBD_StdDevReq
                0x0000000008005720      0x258 ../../../STM32F401-Discovery_FW_V1.0.0/Libraries/STM32_USB_Device_Library/Core/src/usbd_req.o
                0x0000000008005720                USBD_StdDevReq
 .text.USBD_StdItfReq
                0x0000000008005978       0x30 ../../../STM32F401-Discovery_FW_V1.0.0/Libraries/STM32_USB_Device_Library/Core/src/usbd_req.o
                0x0000000008005978                USBD_StdItfReq
 .text.USBD_StdEPReq
                0x00000000080059a8       0xc0 ../../../STM32F401-Discovery_FW_V1.0.0/Libraries/STM32_USB_Device_Library/Core/src/usbd_req.o
                0x00000000080059a8                USBD_StdEPReq
 .text.USBD_GetString
                0x0000000008005a68       0x3c ../../../STM32F401-Discovery_FW_V1.0.0/Libraries/STM32_USB_Device_Library/Core/src/usbd_req.o
                0x0000000008005a68                USBD_GetString
 .text.USB_OTG_CoreReset.isra.1
                0x0000000008005aa4       0x4c ../../../STM32F401-Discovery_FW_V1.0.0/Libraries/STM32_USB_OTG_Driver/src/usb_core.o
 .text.USB_OTG_WritePacket
                0x0000000008005af0       0x26 ../../../STM32F401-Discovery_FW_V1.0.0/Libraries/STM32_USB_OTG_Driver/src/usb_core.o
                0x0000000008005af0                USB_OTG_WritePacket
 .text.USB_OTG_ReadPacket
                0x0000000008005b16       0x22 ../../../STM32F401-Discovery_FW_V1.0.0/Libraries/STM32_USB_OTG_Driver/src/usb_core.o
                0x0000000008005b16                USB_OTG_ReadPacket
 .text.USB_OTG_SelectCore
                0x0000000008005b38       0xd0 ../../../STM32F401-Discovery_FW_V1.0.0/Libraries/STM32_USB_OTG_Driver/src/usb_core.o
                0x0000000008005b38                USB_OTG_SelectCore
 .text.USB_OTG_CoreInit
                0x0000000008005c08       0x8e ../../../STM32F401-Discovery_FW_V1.0.0/Libraries/STM32_USB_OTG_Driver/src/usb_core.o
                0x0000000008005c08                USB_OTG_CoreInit
 .text.USB_OTG_EnableGlobalInt
                0x0000000008005c96        0xe ../../../STM32F401-Discovery_FW_V1.0.0/Libraries/STM32_USB_OTG_Driver/src/usb_core.o
                0x0000000008005c96                USB_OTG_EnableGlobalInt
 .text.USB_OTG_DisableGlobalInt
                0x0000000008005ca4        0xe ../../../STM32F401-Discovery_FW_V1.0.0/Libraries/STM32_USB_OTG_Driver/src/usb_core.o
                0x0000000008005ca4                USB_OTG_DisableGlobalInt
 *fill*         0x0000000008005cb2        0x2 
 .text.USB_OTG_FlushTxFifo
                0x0000000008005cb4       0x40 ../../../STM32F401-Discovery_FW_V1.0.0/Libraries/STM32_USB_OTG_Driver/src/usb_core.o
                0x0000000008005cb4                USB_OTG_FlushTxFifo
 .text.USB_OTG_FlushRxFifo
                0x0000000008005cf4       0x38 ../../../STM32F401-Discovery_FW_V1.0.0/Libraries/STM32_USB_OTG_Driver/src/usb_core.o
                0x0000000008005cf4                USB_OTG_FlushRxFifo
 .text.USB_OTG_SetCurrentMode
                0x0000000008005d2c       0x2a ../../../STM32F401-Discovery_FW_V1.0.0/Libraries/STM32_USB_OTG_Driver/src/usb_core.o
                0x0000000008005d2c                USB_OTG_SetCurrentMode
 .text.USB_OTG_IsDeviceMode
                0x0000000008005d56        0xe ../../../STM32F401-Discovery_FW_V1.0.0/Libraries/STM32_USB_OTG_Driver/src/usb_core.o
                0x0000000008005d56                USB_OTG_IsDeviceMode
 .text.USB_OTG_ReadCoreItr
                0x0000000008005d64        0xa ../../../STM32F401-Discovery_FW_V1.0.0/Libraries/STM32_USB_OTG_Driver/src/usb_core.o
                0x0000000008005d64                USB_OTG_ReadCoreItr
 .text.USB_OTG_InitDevSpeed
                0x0000000008005d6e        0xc ../../../STM32F401-Discovery_FW_V1.0.0/Libraries/STM32_USB_OTG_Driver/src/usb_core.o
                0x0000000008005d6e                USB_OTG_InitDevSpeed
 *fill*         0x0000000008005d7a        0x2 
 .text.USB_OTG_EnableDevInt
                0x0000000008005d7c       0x3c ../../../STM32F401-Discovery_FW_V1.0.0/Libraries/STM32_USB_OTG_Driver/src/usb_core.o
                0x0000000008005d7c                USB_OTG_EnableDevInt
 .text.USB_OTG_CoreInitDev
                0x0000000008005db8       0xe8 ../../../STM32F401-Discovery_FW_V1.0.0/Libraries/STM32_USB_OTG_Driver/src/usb_core.o
                0x0000000008005db8                USB_OTG_CoreInitDev
 .text.USB_OTG_GetDeviceSpeed
                0x0000000008005ea0       0x20 ../../../STM32F401-Discovery_FW_V1.0.0/Libraries/STM32_USB_OTG_Driver/src/usb_core.o
                0x0000000008005ea0                USB_OTG_GetDeviceSpeed
 .text.USB_OTG_EP0Activate
                0x0000000008005ec0       0x2a ../../../STM32F401-Discovery_FW_V1.0.0/Libraries/STM32_USB_OTG_Driver/src/usb_core.o
                0x0000000008005ec0                USB_OTG_EP0Activate
 .text.USB_OTG_EPActivate
                0x0000000008005eea       0x58 ../../../STM32F401-Discovery_FW_V1.0.0/Libraries/STM32_USB_OTG_Driver/src/usb_core.o
                0x0000000008005eea                USB_OTG_EPActivate
 .text.USB_OTG_EPDeactivate
                0x0000000008005f42       0x3e ../../../STM32F401-Discovery_FW_V1.0.0/Libraries/STM32_USB_OTG_Driver/src/usb_core.o
                0x0000000008005f42                USB_OTG_EPDeactivate
 .text.USB_OTG_EPStartXfer
                0x0000000008005f80      0x104 ../../../STM32F401-Discovery_FW_V1.0.0/Libraries/STM32_USB_OTG_Driver/src/usb_core.o
                0x0000000008005f80                USB_OTG_EPStartXfer
 .text.USB_OTG_EP0StartXfer
                0x0000000008006084       0xf8 ../../../STM32F401-Discovery_FW_V1.0.0/Libraries/STM32_USB_OTG_Driver/src/usb_core.o
                0x0000000008006084                USB_OTG_EP0StartXfer
 .text.USB_OTG_EPSetStall
                0x000000000800617c       0x28 ../../../STM32F401-Discovery_FW_V1.0.0/Libraries/STM32_USB_OTG_Driver/src/usb_core.o
                0x000000000800617c                USB_OTG_EPSetStall
 .text.USB_OTG_EPClearStall
                0x00000000080061a4       0x2a ../../../STM32F401-Discovery_FW_V1.0.0/Libraries/STM32_USB_OTG_Driver/src/usb_core.o
                0x00000000080061a4                USB_OTG_EPClearStall
 .text.USB_OTG_ReadDevAllOutEp_itr
                0x00000000080061ce        0xc ../../../STM32F401-Discovery_FW_V1.0.0/Libraries/STM32_USB_OTG_Driver/src/usb_core.o
                0x00000000080061ce                USB_OTG_ReadDevAllOutEp_itr
 .text.USB_OTG_ReadDevOutEP_itr
                0x00000000080061da       0x10 ../../../STM32F401-Discovery_FW_V1.0.0/Libraries/STM32_USB_OTG_Driver/src/usb_core.o
                0x00000000080061da                USB_OTG_ReadDevOutEP_itr
 .text.USB_OTG_ReadDevAllInEPItr
                0x00000000080061ea        0xc ../../../STM32F401-Discovery_FW_V1.0.0/Libraries/STM32_USB_OTG_Driver/src/usb_core.o
                0x00000000080061ea                USB_OTG_ReadDevAllInEPItr
 .text.USB_OTG_EP0_OutStart
                0x00000000080061f6       0x3e ../../../STM32F401-Discovery_FW_V1.0.0/Libraries/STM32_USB_OTG_Driver/src/usb_core.o
                0x00000000080061f6                USB_OTG_EP0_OutStart
 .text.USB_OTG_UngateClock
                0x0000000008006234       0x20 ../../../STM32F401-Discovery_FW_V1.0.0/Libraries/STM32_USB_OTG_Driver/src/usb_core.o
                0x0000000008006234                USB_OTG_UngateClock
 .text.USB_OTG_StopDevice
                0x0000000008006254       0x48 ../../../STM32F401-Discovery_FW_V1.0.0/Libraries/STM32_USB_OTG_Driver/src/usb_core.o
                0x0000000008006254                USB_OTG_StopDevice
 .text.DCD_Init
                0x000000000800629c       0x9c ../../../STM32F401-Discovery_FW_V1.0.0/Libraries/STM32_USB_OTG_Driver/src/usb_dcd.o
                0x000000000800629c                DCD_Init
 .text.DCD_EP_Open
                0x0000000008006338       0x42 ../../../STM32F401-Discovery_FW_V1.0.0/Libraries/STM32_USB_OTG_Driver/src/usb_dcd.o
                0x0000000008006338                DCD_EP_Open
 .text.DCD_EP_Close
                0x000000000800637a       0x30 ../../../STM32F401-Discovery_FW_V1.0.0/Libraries/STM32_USB_OTG_Driver/src/usb_dcd.o
                0x000000000800637a                DCD_EP_Close
 .text.DCD_EP_PrepareRx
                0x00000000080063aa       0x36 ../../../STM32F401-Discovery_FW_V1.0.0/Libraries/STM32_USB_OTG_Driver/src/usb_dcd.o
                0x00000000080063aa                DCD_EP_PrepareRx
 .text.DCD_EP_Tx
                0x00000000080063e0       0x32 ../../../STM32F401-Discovery_FW_V1.0.0/Libraries/STM32_USB_OTG_Driver/src/usb_dcd.o
                0x00000000080063e0                DCD_EP_Tx
 .text.DCD_EP_Stall
                0x0000000008006412       0x34 ../../../STM32F401-Discovery_FW_V1.0.0/Libraries/STM32_USB_OTG_Driver/src/usb_dcd.o
                0x0000000008006412                DCD_EP_Stall
 .text.DCD_EP_ClrStall
                0x0000000008006446       0x34 ../../../STM32F401-Discovery_FW_V1.0.0/Libraries/STM32_USB_OTG_Driver/src/usb_dcd.o
                0x0000000008006446                DCD_EP_ClrStall
 .text.DCD_EP_Flush
                0x000000000800647a       0x18 ../../../STM32F401-Discovery_FW_V1.0.0/Libraries/STM32_USB_OTG_Driver/src/usb_dcd.o
                0x000000000800647a                DCD_EP_Flush
 .text.DCD_EP_SetAddress
                0x0000000008006492       0x10 ../../../STM32F401-Discovery_FW_V1.0.0/Libraries/STM32_USB_OTG_Driver/src/usb_dcd.o
                0x0000000008006492                DCD_EP_SetAddress
 .text.DCD_DevDisconnect
                0x00000000080064a2       0x10 ../../../STM32F401-Discovery_FW_V1.0.0/Libraries/STM32_USB_OTG_Driver/src/usb_dcd.o
                0x00000000080064a2                DCD_DevDisconnect
 *fill*         0x00000000080064b2        0x2 
 .text.USBD_OTG_ISR_Handler
                0x00000000080064b4      0x428 ../../../STM32F401-Discovery_FW_V1.0.0/Libraries/STM32_USB_OTG_Driver/src/usb_dcd_int.o
                0x00000000080064b4                USBD_OTG_ISR_Handler
 .text.Reset_Handler
                0x00000000080068dc       0x4c /var/folders/yq/clzbzy1n1xj4t983g7hdfgzw0000gn/T//ccNq8jXm.o
                0x00000000080068dc                Reset_Handler
 .text.Default_Handler
                0x0000000008006928        0x4 /var/folders/yq/clzbzy1n1xj4t983g7hdfgzw0000gn/T//ccNq8jXm.o
                0x0000000008006928                DMA1_Stream3_IRQHandler
                0x0000000008006928                EXTI2_IRQHandler
                0x0000000008006928                TIM1_CC_IRQHandler
                0x0000000008006928                DMA2_Stream5_IRQHandler
                0x0000000008006928                DMA1_Stream5_IRQHandler
                0x0000000008006928                PVD_IRQHandler
                0x0000000008006928                SDIO_IRQHandler
                0x0000000008006928                TAMP_STAMP_IRQHandler
                0x0000000008006928                EXTI3_IRQHandler
                0x0000000008006928                TIM1_UP_TIM10_IRQHandler
                0x0000000008006928                I2C3_ER_IRQHandler
                0x0000000008006928                I2C2_EV_IRQHandler
                0x0000000008006928                DMA1_Stream2_IRQHandler
                0x0000000008006928                FPU_IRQHandler
                0x0000000008006928                DMA2_Stream2_IRQHandler
                0x0000000008006928                SPI1_IRQHandler
                0x0000000008006928                TIM1_BRK_TIM9_IRQHandler
                0x0000000008006928                DMA2_Stream3_IRQHandler
                0x0000000008006928                USART6_IRQHandler
                0x0000000008006928                DMA2_Stream0_IRQHandler
                0x0000000008006928                TIM4_IRQHandler
                0x0000000008006928                I2C1_EV_IRQHandler
                0x0000000008006928                DMA1_Stream6_IRQHandler
                0x0000000008006928                DMA1_Stream1_IRQHandler
                0x0000000008006928                TIM3_IRQHandler
                0x0000000008006928                RCC_IRQHandler
                0x0000000008006928                Default_Handler
                0x0000000008006928                EXTI15_10_IRQHandler
                0x0000000008006928                ADC_IRQHandler
                0x0000000008006928                TIM5_IRQHandler
                0x0000000008006928                DMA2_Stream7_IRQHandler
                0x0000000008006928                I2C3_EV_IRQHandler
                0x0000000008006928                EXTI9_5_IRQHandler
                0x0000000008006928                RTC_WKUP_IRQHandler
                0x0000000008006928                SPI2_IRQHandler
                0x0000000008006928                DMA1_Stream0_IRQHandler
                0x0000000008006928                EXTI4_IRQHandler
                0x0000000008006928                WWDG_IRQHandler
                0x0000000008006928                TIM2_IRQHandler
                0x0000000008006928                TIM1_TRG_COM_TIM11_IRQHandler
                0x0000000008006928                EXTI1_IRQHandler
                0x0000000008006928                USART2_IRQHandler
                0x0000000008006928                I2C2_ER_IRQHandler
                0x0000000008006928                DMA2_Stream1_IRQHandler
                0x0000000008006928                FLASH_IRQHandler
                0x0000000008006928                DMA2_Stream4_IRQHandler
                0x0000000008006928                USART1_IRQHandler
                0x0000000008006928                DMA1_Stream4_IRQHandler
                0x0000000008006928                I2C1_ER_IRQHandler
                0x0000000008006928                DMA2_Stream6_IRQHandler
                0x0000000008006928                RTC_Alarm_IRQHandler
 .text.startup.register_fini
                0x000000000800692c       0x14 /usr/local/toolchains/gcc-arm-none-eabi-4_8-2014q1/bin/../lib/gcc/arm-none-eabi/4.8.3/../../../../arm-none-eabi/lib/armv7e-m/fpu/libg.a(lib_a-__call_atexit.o)
 .text.atexit   0x0000000008006940        0xc /usr/local/toolchains/gcc-arm-none-eabi-4_8-2014q1/bin/../lib/gcc/arm-none-eabi/4.8.3/../../../../arm-none-eabi/lib/armv7e-m/fpu/libg.a(lib_a-atexit.o)
                0x0000000008006940                atexit
 .text.__libc_fini_array
                0x000000000800694c       0x30 /usr/local/toolchains/gcc-arm-none-eabi-4_8-2014q1/bin/../lib/gcc/arm-none-eabi/4.8.3/../../../../arm-none-eabi/lib/armv7e-m/fpu/libg.a(lib_a-fini.o)
                0x000000000800694c                __libc_fini_array
 .text.__register_exitproc
                0x000000000800697c       0xa8 /usr/local/toolchains/gcc-arm-none-eabi-4_8-2014q1/bin/../lib/gcc/arm-none-eabi/4.8.3/../../../../arm-none-eabi/lib/armv7e-m/fpu/libg.a(lib_a-__atexit.o)
                0x000000000800697c                __register_exitproc
 *(.glue_7)
 .glue_7        0x0000000000000000        0x0 linker stubs
 *(.glue_7t)
 .glue_7t       0x0000000000000000        0x0 linker stubs
 *(.eh_frame)
 .eh_frame      0x0000000008006a24        0x0 /usr/local/toolchains/gcc-arm-none-eabi-4_8-2014q1/bin/../lib/gcc/arm-none-eabi/4.8.3/armv7e-m/fpu/crtbegin.o
 *(.init)
 .init          0x0000000008006a24        0x4 /usr/local/toolchains/gcc-arm-none-eabi-4_8-2014q1/bin/../lib/gcc/arm-none-eabi/4.8.3/armv7e-m/fpu/crti.o
                0x0000000008006a24                _init
 .init          0x0000000008006a28        0x8 /usr/local/toolchains/gcc-arm-none-eabi-4_8-2014q1/bin/../lib/gcc/arm-none-eabi/4.8.3/armv7e-m/fpu/crtn.o
 *(.fini)
 .fini          0x0000000008006a30        0x4 /usr/local/toolchains/gcc-arm-none-eabi-4_8-2014q1/bin/../lib/gcc/arm-none-eabi/4.8.3/armv7e-m/fpu/crti.o
                0x0000000008006a30                _fini
 .fini          0x0000000008006a34        0x8 /usr/local/toolchains/gcc-arm-none-eabi-4_8-2014q1/bin/../lib/gcc/arm-none-eabi/4.8.3/armv7e-m/fpu/crtn.o
                0x0000000008006a3c                . = ALIGN (0x4)
                0x0000000008006a3c                _etext = .

.vfp11_veneer   0x0000000008006a3c        0x0
 .vfp11_veneer  0x0000000000000000        0x0 linker stubs

.v4_bx          0x0000000008006a3c        0x0
 .v4_bx         0x0000000000000000        0x0 linker stubs

.iplt           0x0000000008006a3c        0x0
 .iplt          0x0000000000000000        0x0 /usr/local/toolchains/gcc-arm-none-eabi-4_8-2014q1/bin/../lib/gcc/arm-none-eabi/4.8.3/armv7e-m/fpu/crtbegin.o

.rodata         0x0000000008006a3c       0xf0
                0x0000000008006a3c                . = ALIGN (0x4)
 *(.rodata)
 *(.rodata*)
 .rodata.str1.1
                0x0000000008006a3c       0x6e usbd_desc.o
 .rodata.sinebuf
                0x0000000008006aaa       0x60 selftest.o
                0x0000000008006aaa                sinebuf
 *fill*         0x0000000008006b0a        0x2 
 .rodata.GPIO_CLK
                0x0000000008006b0c       0x10 ../../Utilities/STM32F401-Discovery//stm32f401_discovery.o
                0x0000000008006b0c                GPIO_CLK
 .rodata.GPIO_PIN
                0x0000000008006b1c        0x8 ../../Utilities/STM32F401-Discovery//stm32f401_discovery.o
                0x0000000008006b1c                GPIO_PIN
 .rodata.str1.4
                0x0000000008006b24        0x4 /usr/local/toolchains/gcc-arm-none-eabi-4_8-2014q1/bin/../lib/gcc/arm-none-eabi/4.8.3/../../../../arm-none-eabi/lib/armv7e-m/fpu/libg.a(lib_a-impure.o)
 .rodata._global_impure_ptr
                0x0000000008006b28        0x4 /usr/local/toolchains/gcc-arm-none-eabi-4_8-2014q1/bin/../lib/gcc/arm-none-eabi/4.8.3/../../../../arm-none-eabi/lib/armv7e-m/fpu/libg.a(lib_a-impure.o)
                0x0000000008006b28                _global_impure_ptr
                0x0000000008006b2c                . = ALIGN (0x4)

.rel.dyn        0x0000000008006b2c        0x0
 .rel.iplt      0x0000000000000000        0x0 /usr/local/toolchains/gcc-arm-none-eabi-4_8-2014q1/bin/../lib/gcc/arm-none-eabi/4.8.3/armv7e-m/fpu/crtbegin.o

.ARM.extab
 *(.ARM.extab* .gnu.linkonce.armextab.*)

.ARM            0x0000000008006b2c        0x0
                0x0000000008006b2c                __exidx_start = .
 *(.ARM.exidx*)
                0x0000000008006b2c                __exidx_end = .

.preinit_array  0x0000000008006b2c        0x0
                0x0000000008006b2c                PROVIDE (__preinit_array_start, .)
 *(.preinit_array*)
                0x0000000008006b2c                PROVIDE (__preinit_array_end, .)

.init_array     0x0000000008006b2c        0x8
                0x0000000008006b2c                PROVIDE (__init_array_start, .)
 *(SORT(.init_array.*))
 .init_array.00000
                0x0000000008006b2c        0x4 /usr/local/toolchains/gcc-arm-none-eabi-4_8-2014q1/bin/../lib/gcc/arm-none-eabi/4.8.3/../../../../arm-none-eabi/lib/armv7e-m/fpu/libg.a(lib_a-__call_atexit.o)
 *(.init_array*)
 .init_array    0x0000000008006b30        0x4 /usr/local/toolchains/gcc-arm-none-eabi-4_8-2014q1/bin/../lib/gcc/arm-none-eabi/4.8.3/armv7e-m/fpu/crtbegin.o
                0x0000000008006b34                PROVIDE (__init_array_end, .)

.fini_array     0x0000000008006b34        0x4
                0x0000000008006b34                PROVIDE (__fini_array_start, .)
 *(SORT(.fini_array.*))
 *(.fini_array*)
 .fini_array    0x0000000008006b34        0x4 /usr/local/toolchains/gcc-arm-none-eabi-4_8-2014q1/bin/../lib/gcc/arm-none-eabi/4.8.3/armv7e-m/fpu/crtbegin.o
                0x0000000008006b38                PROVIDE (__fini_array_end, .)
                0x0000000008006b38                _sidata = LOADADDR (.data)

.data           0x0000000020000000      0x5a0 load address 0x0000000008006b38
                0x0000000020000000                . = ALIGN (0x4)
                0x0000000020000000                _sdata = .
 *(.data)
 .data          0x0000000020000000       0x10 ../../../STM32F401-Discovery_FW_V1.0.0/libstm32f4.a(stm32f4xx_rcc.o)
 *(.data*)
 .data.SystemCoreClock
                0x0000000020000010        0x4 system_stm32f4xx.o
                0x0000000020000010                SystemCoreClock
 .data.USR_desc
                0x0000000020000014       0x1c usbd_desc.o
                0x0000000020000014                USR_desc
 .data.USBD_LangIDDesc
                0x0000000020000030        0x4 usbd_desc.o
                0x0000000020000030                USBD_LangIDDesc
 .data.USBD_DeviceDesc
                0x0000000020000034       0x12 usbd_desc.o
                0x0000000020000034                USBD_DeviceDesc
 *fill*         0x0000000020000046        0x2 
 .data.USR_cb   0x0000000020000048       0x1c usbd_usr.o
                0x0000000020000048                USR_cb
 .data.count1   0x0000000020000064        0x2 selftest.o
                0x0000000020000064                count1
 *fill*         0x0000000020000066        0x2 
 .data.GPIO_PORT
                0x0000000020000068       0x10 ../../Utilities/STM32F401-Discovery//stm32f401_discovery.o
                0x0000000020000068                GPIO_PORT
 .data.BUTTON_PORT
                0x0000000020000078        0x4 ../../Utilities/STM32F401-Discovery//stm32f401_discovery.o
                0x0000000020000078                BUTTON_PORT
 .data.AUDIO_MAL_DMA_FLAG_FE
                0x000000002000007c        0x4 ../../Utilities/STM32F401-Discovery//stm32f401_discovery_audio_codec.o
                0x000000002000007c                AUDIO_MAL_DMA_FLAG_FE
 .data.AudioRemSize
                0x0000000020000080        0x4 ../../Utilities/STM32F401-Discovery//stm32f401_discovery_audio_codec.o
                0x0000000020000080                AudioRemSize
 .data.CODECTimeout
                0x0000000020000084        0x4 ../../Utilities/STM32F401-Discovery//stm32f401_discovery_audio_codec.o
                0x0000000020000084                CODECTimeout
 .data.AUDIO_MAL_DMA_FLAG_TE
                0x0000000020000088        0x4 ../../Utilities/STM32F401-Discovery//stm32f401_discovery_audio_codec.o
                0x0000000020000088                AUDIO_MAL_DMA_FLAG_TE
 .data.AUDIO_MAL_DMA_CLOCK
                0x000000002000008c        0x4 ../../Utilities/STM32F401-Discovery//stm32f401_discovery_audio_codec.o
                0x000000002000008c                AUDIO_MAL_DMA_CLOCK
 .data.AUDIO_MAL_DMA_FLAG_DME
                0x0000000020000090        0x4 ../../Utilities/STM32F401-Discovery//stm32f401_discovery_audio_codec.o
                0x0000000020000090                AUDIO_MAL_DMA_FLAG_DME
 .data.AUDIO_MAL_DMA_STREAM
                0x0000000020000094        0x4 ../../Utilities/STM32F401-Discovery//stm32f401_discovery_audio_codec.o
                0x0000000020000094                AUDIO_MAL_DMA_STREAM
 .data.AUDIO_MAL_DMA_FLAG_TC
                0x0000000020000098        0x4 ../../Utilities/STM32F401-Discovery//stm32f401_discovery_audio_codec.o
                0x0000000020000098                AUDIO_MAL_DMA_FLAG_TC
 .data.AUDIO_MAL_DMA_IRQ
                0x000000002000009c        0x4 ../../Utilities/STM32F401-Discovery//stm32f401_discovery_audio_codec.o
                0x000000002000009c                AUDIO_MAL_DMA_IRQ
 .data.AUDIO_MAL_DMA_FLAG_HT
                0x00000000200000a0        0x4 ../../Utilities/STM32F401-Discovery//stm32f401_discovery_audio_codec.o
                0x00000000200000a0                AUDIO_MAL_DMA_FLAG_HT
 .data.AUDIO_MAL_DMA_DREG
                0x00000000200000a4        0x4 ../../Utilities/STM32F401-Discovery//stm32f401_discovery_audio_codec.o
                0x00000000200000a4                AUDIO_MAL_DMA_DREG
 .data.L3GD20Timeout
                0x00000000200000a8        0x4 ../../Utilities/STM32F401-Discovery//stm32f401_discovery_l3gd20.o
                0x00000000200000a8                L3GD20Timeout
 .data.LSM303DLHC_Timeout
                0x00000000200000ac        0x4 ../../Utilities/STM32F401-Discovery//stm32f401_discovery_lsm303dlhc.o
                0x00000000200000ac                LSM303DLHC_Timeout
 .data.HID_MOUSE_ReportDesc
                0x00000000200000b0       0x4a ../../../STM32F401-Discovery_FW_V1.0.0/Libraries/STM32_USB_Device_Library/Class/hid/src/usbd_hid_core.o
 .data.USBD_HID_CfgDesc
                0x00000000200000fa       0x22 ../../../STM32F401-Discovery_FW_V1.0.0/Libraries/STM32_USB_Device_Library/Class/hid/src/usbd_hid_core.o
 .data.USBD_HID_cb
                0x000000002000011c       0x2c ../../../STM32F401-Discovery_FW_V1.0.0/Libraries/STM32_USB_Device_Library/Class/hid/src/usbd_hid_core.o
                0x000000002000011c                USBD_HID_cb
 .data.USBD_DCD_INT_fops
                0x0000000020000148        0x4 ../../../STM32F401-Discovery_FW_V1.0.0/Libraries/STM32_USB_Device_Library/Core/src/usbd_core.o
                0x0000000020000148                USBD_DCD_INT_fops
 .data.USBD_DCD_INT_cb
                0x000000002000014c       0x2c ../../../STM32F401-Discovery_FW_V1.0.0/Libraries/STM32_USB_Device_Library/Core/src/usbd_core.o
                0x000000002000014c                USBD_DCD_INT_cb
 .data.impure_data
                0x0000000020000178      0x428 /usr/local/toolchains/gcc-arm-none-eabi-4_8-2014q1/bin/../lib/gcc/arm-none-eabi/4.8.3/../../../../arm-none-eabi/lib/armv7e-m/fpu/libg.a(lib_a-impure.o)
                0x00000000200005a0                . = ALIGN (0x4)
                0x00000000200005a0                _edata = .
                0x00000000080070d8                _siccmram = LOADADDR (.ccmram)

.jcr            0x00000000200005a0        0x0 load address 0x00000000080070d8
 .jcr           0x00000000200005a0        0x0 /usr/local/toolchains/gcc-arm-none-eabi-4_8-2014q1/bin/../lib/gcc/arm-none-eabi/4.8.3/armv7e-m/fpu/crtbegin.o

.igot.plt       0x00000000200005a0        0x0 load address 0x00000000080070d8
 .igot.plt      0x0000000000000000        0x0 /usr/local/toolchains/gcc-arm-none-eabi-4_8-2014q1/bin/../lib/gcc/arm-none-eabi/4.8.3/armv7e-m/fpu/crtbegin.o

.ccmram         0x0000000010000000        0x0 load address 0x00000000080070d8
                0x0000000010000000                . = ALIGN (0x4)
                0x0000000010000000                _sccmram = .
 *(.ccmram)
 *(.ccmram*)
                0x0000000010000000                . = ALIGN (0x4)
                0x0000000010000000                _eccmram = .
                0x0000000010000000                . = ALIGN (0x4)

.bss            0x00000000200005a0      0x774
                0x00000000200005a0                _sbss = .
                0x00000000200005a0                __bss_start__ = _sbss
 *(.bss)
 .bss           0x00000000200005a0       0x1c /usr/local/toolchains/gcc-arm-none-eabi-4_8-2014q1/bin/../lib/gcc/arm-none-eabi/4.8.3/armv7e-m/fpu/crtbegin.o
 *(.bss*)
 .bss.PrescalerValue
                0x00000000200005bc        0x2 main.o
                0x00000000200005bc                PrescalerValue
 .bss.DemoEnterCondition
                0x00000000200005be        0x1 main.o
                0x00000000200005be                DemoEnterCondition
 .bss.UserButtonPressed
                0x00000000200005bf        0x1 main.o
                0x00000000200005bf                UserButtonPressed
 .bss.TempAcceleration
                0x00000000200005c0        0x1 stm32f4xx_it.o
                0x00000000200005c0                TempAcceleration
 .bss.HID_Buffer.8927
                0x00000000200005c1        0x4 stm32f4xx_it.o
 .bss.Counter   0x00000000200005c5        0x1 stm32f4xx_it.o
                0x00000000200005c5                Counter
 .bss.count     0x00000000200005c6        0x2 selftest.o
                0x00000000200005c6                count
 .bss.Left_Right
                0x00000000200005c8        0x2 selftest.o
                0x00000000200005c8                Left_Right
 .bss.counter0  0x00000000200005ca        0x2 selftest.o
                0x00000000200005ca                counter0
 .bss.counter1  0x00000000200005cc        0x2 selftest.o
                0x00000000200005cc                counter1
 *fill*         0x00000000200005ce        0x2 
 .bss.AUDIO_MAL_DMA_CHANNEL
                0x00000000200005d0        0x4 ../../Utilities/STM32F401-Discovery//stm32f401_discovery_audio_codec.o
                0x00000000200005d0                AUDIO_MAL_DMA_CHANNEL
 .bss.OutputDev
                0x00000000200005d4        0x1 ../../Utilities/STM32F401-Discovery//stm32f401_discovery_audio_codec.o
                0x00000000200005d4                OutputDev
 *fill*         0x00000000200005d5        0x3 
 .bss.USBD_HID_Protocol
                0x00000000200005d8        0x4 ../../../STM32F401-Discovery_FW_V1.0.0/Libraries/STM32_USB_Device_Library/Class/hid/src/usbd_hid_core.o
 .bss.USBD_HID_IdleState
                0x00000000200005dc        0x4 ../../../STM32F401-Discovery_FW_V1.0.0/Libraries/STM32_USB_Device_Library/Class/hid/src/usbd_hid_core.o
 .bss.USBD_HID_AltSet
                0x00000000200005e0        0x4 ../../../STM32F401-Discovery_FW_V1.0.0/Libraries/STM32_USB_Device_Library/Class/hid/src/usbd_hid_core.o
 .bss.USBD_cfg_status
                0x00000000200005e4        0x4 ../../../STM32F401-Discovery_FW_V1.0.0/Libraries/STM32_USB_Device_Library/Core/src/usbd_req.o
                0x00000000200005e4                USBD_cfg_status
 .bss.USBD_ep_status
                0x00000000200005e8        0x4 ../../../STM32F401-Discovery_FW_V1.0.0/Libraries/STM32_USB_Device_Library/Core/src/usbd_req.o
                0x00000000200005e8                USBD_ep_status
 .bss.USBD_default_cfg
                0x00000000200005ec        0x4 ../../../STM32F401-Discovery_FW_V1.0.0/Libraries/STM32_USB_Device_Library/Core/src/usbd_req.o
                0x00000000200005ec                USBD_default_cfg
 .bss.cfgidx.8051
                0x00000000200005f0        0x1 ../../../STM32F401-Discovery_FW_V1.0.0/Libraries/STM32_USB_Device_Library/Core/src/usbd_req.o
 *(COMMON)
 *fill*         0x00000000200005f1        0x3 
 COMMON         0x00000000200005f4      0x606 main.o
                0x00000000200005f4                TimingDelay
                0x00000000200005f8                Buffer_Y
                0x00000000200005fe                Y_Offset
                0x00000000200005ff                X_Offset
                0x0000000020000600                USB_OTG_dev
                0x0000000020000bf4                Buffer_X
 *fill*         0x0000000020000bfa        0x2 
 COMMON         0x0000000020000bfc       0x56 selftest.o
                0x0000000020000bfc                ConvData1
                0x0000000020000c00                ADC_InitStructure
                0x0000000020000c18                RCC_Clocks
                0x0000000020000c28                ADC_CommonInitStructure
                0x0000000020000c38                pBuffer
                0x0000000020000c50                ConvData2
 *fill*         0x0000000020000c52        0x2 
 COMMON         0x0000000020000c54       0x7c ../../Utilities/STM32F401-Discovery//stm32f401_discovery_audio_codec.o
                0x0000000020000c54                CurrentPos
                0x0000000020000c58                AUDIO_MAL_DMA_InitStructure
                0x0000000020000c94                DMA_InitStructure
 COMMON         0x0000000020000cd0        0x4 ../../../STM32F401-Discovery_FW_V1.0.0/Libraries/STM32_USB_Device_Library/Core/src/usbd_core.o
                0x0000000020000cd0                SET_TEST_MODE
 COMMON         0x0000000020000cd4       0x40 ../../../STM32F401-Discovery_FW_V1.0.0/Libraries/STM32_USB_Device_Library/Core/src/usbd_req.o
                0x0000000020000cd4                USBD_StrDesc
                0x0000000020000d14                . = ALIGN (0x4)
                0x0000000020000d14                _ebss = .
                0x0000000020000d14                __bss_end__ = _ebss

._user_heap_stack
                0x0000000020000d14      0x400
                0x0000000020000d14                . = ALIGN (0x4)
                0x0000000020000d14                PROVIDE (end, .)
                0x0000000020000d14                PROVIDE (_end, .)
                0x0000000020000d14                . = (. + _Min_Heap_Size)
                0x0000000020001114                . = (. + _Min_Stack_Size)
 *fill*         0x0000000020000d14      0x400 
                0x0000000020001114                . = ALIGN (0x4)

.memory_b1_text
 *(.mb1text)
 *(.mb1text*)
 *(.mb1rodata)
 *(.mb1rodata*)

/DISCARD/
 libc.a(*)
 libm.a(*)
 libgcc.a(*)

.ARM.attributes
                0x0000000000000000       0x30
 *(.ARM.attributes)
 .ARM.attributes
                0x0000000000000000       0x22 /usr/local/toolchains/gcc-arm-none-eabi-4_8-2014q1/bin/../lib/gcc/arm-none-eabi/4.8.3/armv7e-m/fpu/crti.o
 .ARM.attributes
                0x0000000000000022       0x34 /usr/local/toolchains/gcc-arm-none-eabi-4_8-2014q1/bin/../lib/gcc/arm-none-eabi/4.8.3/armv7e-m/fpu/crtbegin.o
 .ARM.attributes
                0x0000000000000056       0x39 main.o
 .ARM.attributes
                0x000000000000008f       0x39 stm32f4xx_it.o
 .ARM.attributes
                0x00000000000000c8       0x39 system_stm32f4xx.o
 .ARM.attributes
                0x0000000000000101       0x39 usb_bsp.o
 .ARM.attributes
                0x000000000000013a       0x39 usbd_desc.o
 .ARM.attributes
                0x0000000000000173       0x39 usbd_usr.o
 .ARM.attributes
                0x00000000000001ac       0x39 selftest.o
 .ARM.attributes
                0x00000000000001e5       0x39 ../../Utilities/STM32F401-Discovery//stm32f401_discovery.o
 .ARM.attributes
                0x000000000000021e       0x39 ../../Utilities/STM32F401-Discovery//stm32f401_discovery_audio_codec.o
 .ARM.attributes
                0x0000000000000257       0x39 ../../Utilities/STM32F401-Discovery//stm32f401_discovery_l3gd20.o
 .ARM.attributes
                0x0000000000000290       0x39 ../../Utilities/STM32F401-Discovery//stm32f401_discovery_lsm303dlhc.o
 .ARM.attributes
                0x00000000000002c9       0x39 ../../../STM32F401-Discovery_FW_V1.0.0/Libraries/STM32_USB_Device_Library/Class/hid/src/usbd_hid_core.o
 .ARM.attributes
                0x0000000000000302       0x39 ../../../STM32F401-Discovery_FW_V1.0.0/Libraries/STM32_USB_Device_Library/Core/src/usbd_core.o
 .ARM.attributes
                0x000000000000033b       0x39 ../../../STM32F401-Discovery_FW_V1.0.0/Libraries/STM32_USB_Device_Library/Core/src/usbd_ioreq.o
 .ARM.attributes
                0x0000000000000374       0x39 ../../../STM32F401-Discovery_FW_V1.0.0/Libraries/STM32_USB_Device_Library/Core/src/usbd_req.o
 .ARM.attributes
                0x00000000000003ad       0x39 ../../../STM32F401-Discovery_FW_V1.0.0/Libraries/STM32_USB_OTG_Driver/src/usb_core.o
 .ARM.attributes
                0x00000000000003e6       0x39 ../../../STM32F401-Discovery_FW_V1.0.0/Libraries/STM32_USB_OTG_Driver/src/usb_dcd.o
 .ARM.attributes
                0x000000000000041f       0x39 ../../../STM32F401-Discovery_FW_V1.0.0/Libraries/STM32_USB_OTG_Driver/src/usb_dcd_int.o
 .ARM.attributes
                0x0000000000000458       0x21 /var/folders/yq/clzbzy1n1xj4t983g7hdfgzw0000gn/T//ccNq8jXm.o
 .ARM.attributes
                0x0000000000000479       0x39 ../../../STM32F401-Discovery_FW_V1.0.0/libstm32f4.a(stm32f4xx_adc.o)
 .ARM.attributes
                0x00000000000004b2       0x39 ../../../STM32F401-Discovery_FW_V1.0.0/libstm32f4.a(stm32f4xx_dma.o)
 .ARM.attributes
                0x00000000000004eb       0x39 ../../../STM32F401-Discovery_FW_V1.0.0/libstm32f4.a(stm32f4xx_exti.o)
 .ARM.attributes
                0x0000000000000524       0x39 ../../../STM32F401-Discovery_FW_V1.0.0/libstm32f4.a(stm32f4xx_flash.o)
 .ARM.attributes
                0x000000000000055d       0x39 ../../../STM32F401-Discovery_FW_V1.0.0/libstm32f4.a(stm32f4xx_gpio.o)
 .ARM.attributes
                0x0000000000000596       0x39 ../../../STM32F401-Discovery_FW_V1.0.0/libstm32f4.a(stm32f4xx_i2c.o)
 .ARM.attributes
                0x00000000000005cf       0x39 ../../../STM32F401-Discovery_FW_V1.0.0/libstm32f4.a(stm32f4xx_rcc.o)
 .ARM.attributes
                0x0000000000000608       0x39 ../../../STM32F401-Discovery_FW_V1.0.0/libstm32f4.a(stm32f4xx_spi.o)
 .ARM.attributes
                0x0000000000000641       0x39 ../../../STM32F401-Discovery_FW_V1.0.0/libstm32f4.a(stm32f4xx_syscfg.o)
 .ARM.attributes
                0x000000000000067a       0x39 ../../../STM32F401-Discovery_FW_V1.0.0/libstm32f4.a(stm32f4xx_tim.o)
 .ARM.attributes
                0x00000000000006b3       0x39 ../../../STM32F401-Discovery_FW_V1.0.0/libstm32f4.a(misc.o)
 .ARM.attributes
                0x00000000000006ec       0x34 /usr/local/toolchains/gcc-arm-none-eabi-4_8-2014q1/bin/../lib/gcc/arm-none-eabi/4.8.3/../../../../arm-none-eabi/lib/armv7e-m/fpu/libg.a(lib_a-impure.o)
 .ARM.attributes
                0x0000000000000720       0x34 /usr/local/toolchains/gcc-arm-none-eabi-4_8-2014q1/bin/../lib/gcc/arm-none-eabi/4.8.3/../../../../arm-none-eabi/lib/armv7e-m/fpu/libg.a(lib_a-__call_atexit.o)
 .ARM.attributes
                0x0000000000000754       0x34 /usr/local/toolchains/gcc-arm-none-eabi-4_8-2014q1/bin/../lib/gcc/arm-none-eabi/4.8.3/../../../../arm-none-eabi/lib/armv7e-m/fpu/libg.a(lib_a-atexit.o)
 .ARM.attributes
                0x0000000000000788       0x34 /usr/local/toolchains/gcc-arm-none-eabi-4_8-2014q1/bin/../lib/gcc/arm-none-eabi/4.8.3/../../../../arm-none-eabi/lib/armv7e-m/fpu/libg.a(lib_a-fini.o)
 .ARM.attributes
                0x00000000000007bc       0x34 /usr/local/toolchains/gcc-arm-none-eabi-4_8-2014q1/bin/../lib/gcc/arm-none-eabi/4.8.3/../../../../arm-none-eabi/lib/armv7e-m/fpu/libg.a(lib_a-__atexit.o)
 .ARM.attributes
                0x00000000000007f0       0x22 /usr/local/toolchains/gcc-arm-none-eabi-4_8-2014q1/bin/../lib/gcc/arm-none-eabi/4.8.3/armv7e-m/fpu/crtn.o
OUTPUT(build/main.elf elf32-littlearm)

.debug_info     0x0000000000000000    0x1e804
 .debug_info    0x0000000000000000     0x2551 main.o
 .debug_info    0x0000000000002551     0x13a6 stm32f4xx_it.o
 .debug_info    0x00000000000038f7      0x5dc system_stm32f4xx.o
 .debug_info    0x0000000000003ed3     0x11ec usb_bsp.o
 .debug_info    0x00000000000050bf      0x4b8 usbd_desc.o
 .debug_info    0x0000000000005577      0x72b usbd_usr.o
 .debug_info    0x0000000000005ca2     0x1be7 selftest.o
 .debug_info    0x0000000000007889      0x954 ../../Utilities/STM32F401-Discovery//stm32f401_discovery.o
 .debug_info    0x00000000000081dd     0x210f ../../Utilities/STM32F401-Discovery//stm32f401_discovery_audio_codec.o
 .debug_info    0x000000000000a2ec      0xe23 ../../Utilities/STM32F401-Discovery//stm32f401_discovery_l3gd20.o
 .debug_info    0x000000000000b10f     0x18fc ../../Utilities/STM32F401-Discovery//stm32f401_discovery_lsm303dlhc.o
 .debug_info    0x000000000000ca0b      0xe8c ../../../STM32F401-Discovery_FW_V1.0.0/Libraries/STM32_USB_Device_Library/Class/hid/src/usbd_hid_core.o
 .debug_info    0x000000000000d897     0x13be ../../../STM32F401-Discovery_FW_V1.0.0/Libraries/STM32_USB_Device_Library/Core/src/usbd_core.o
 .debug_info    0x000000000000ec55      0xe0a ../../../STM32F401-Discovery_FW_V1.0.0/Libraries/STM32_USB_Device_Library/Core/src/usbd_ioreq.o
 .debug_info    0x000000000000fa5f     0x1378 ../../../STM32F401-Discovery_FW_V1.0.0/Libraries/STM32_USB_Device_Library/Core/src/usbd_req.o
 .debug_info    0x0000000000010dd7     0x2690 ../../../STM32F401-Discovery_FW_V1.0.0/Libraries/STM32_USB_OTG_Driver/src/usb_core.o
 .debug_info    0x0000000000013467     0x1384 ../../../STM32F401-Discovery_FW_V1.0.0/Libraries/STM32_USB_OTG_Driver/src/usb_dcd.o
 .debug_info    0x00000000000147eb     0x228d ../../../STM32F401-Discovery_FW_V1.0.0/Libraries/STM32_USB_OTG_Driver/src/usb_dcd_int.o
 .debug_info    0x0000000000016a78      0x104 /var/folders/yq/clzbzy1n1xj4t983g7hdfgzw0000gn/T//ccNq8jXm.o
 .debug_info    0x0000000000016b7c      0xc5c ../../../STM32F401-Discovery_FW_V1.0.0/libstm32f4.a(stm32f4xx_adc.o)
 .debug_info    0x00000000000177d8      0x71e ../../../STM32F401-Discovery_FW_V1.0.0/libstm32f4.a(stm32f4xx_dma.o)
 .debug_info    0x0000000000017ef6      0x32a ../../../STM32F401-Discovery_FW_V1.0.0/libstm32f4.a(stm32f4xx_exti.o)
 .debug_info    0x0000000000018220      0xa2a ../../../STM32F401-Discovery_FW_V1.0.0/libstm32f4.a(stm32f4xx_flash.o)
 .debug_info    0x0000000000018c4a      0x819 ../../../STM32F401-Discovery_FW_V1.0.0/libstm32f4.a(stm32f4xx_gpio.o)
 .debug_info    0x0000000000019463      0xc2b ../../../STM32F401-Discovery_FW_V1.0.0/libstm32f4.a(stm32f4xx_i2c.o)
 .debug_info    0x000000000001a08e      0xe96 ../../../STM32F401-Discovery_FW_V1.0.0/libstm32f4.a(stm32f4xx_rcc.o)
 .debug_info    0x000000000001af24      0xc54 ../../../STM32F401-Discovery_FW_V1.0.0/libstm32f4.a(stm32f4xx_spi.o)
 .debug_info    0x000000000001bb78      0x2bb ../../../STM32F401-Discovery_FW_V1.0.0/libstm32f4.a(stm32f4xx_syscfg.o)
 .debug_info    0x000000000001be33     0x24ab ../../../STM32F401-Discovery_FW_V1.0.0/libstm32f4.a(stm32f4xx_tim.o)
 .debug_info    0x000000000001e2de      0x526 ../../../STM32F401-Discovery_FW_V1.0.0/libstm32f4.a(misc.o)

.debug_abbrev   0x0000000000000000     0x4559
 .debug_abbrev  0x0000000000000000      0x3ce main.o
 .debug_abbrev  0x00000000000003ce      0x2ec stm32f4xx_it.o
 .debug_abbrev  0x00000000000006ba      0x147 system_stm32f4xx.o
 .debug_abbrev  0x0000000000000801      0x260 usb_bsp.o
 .debug_abbrev  0x0000000000000a61      0x1a3 usbd_desc.o
 .debug_abbrev  0x0000000000000c04      0x1e5 usbd_usr.o
 .debug_abbrev  0x0000000000000de9      0x295 selftest.o
 .debug_abbrev  0x000000000000107e      0x1de ../../Utilities/STM32F401-Discovery//stm32f401_discovery.o
 .debug_abbrev  0x000000000000125c      0x39b ../../Utilities/STM32F401-Discovery//stm32f401_discovery_audio_codec.o
 .debug_abbrev  0x00000000000015f7      0x29c ../../Utilities/STM32F401-Discovery//stm32f401_discovery_l3gd20.o
 .debug_abbrev  0x0000000000001893      0x259 ../../Utilities/STM32F401-Discovery//stm32f401_discovery_lsm303dlhc.o
 .debug_abbrev  0x0000000000001aec      0x257 ../../../STM32F401-Discovery_FW_V1.0.0/Libraries/STM32_USB_Device_Library/Class/hid/src/usbd_hid_core.o
 .debug_abbrev  0x0000000000001d43      0x3b6 ../../../STM32F401-Discovery_FW_V1.0.0/Libraries/STM32_USB_Device_Library/Core/src/usbd_core.o
 .debug_abbrev  0x00000000000020f9      0x1df ../../../STM32F401-Discovery_FW_V1.0.0/Libraries/STM32_USB_Device_Library/Core/src/usbd_ioreq.o
 .debug_abbrev  0x00000000000022d8      0x3a4 ../../../STM32F401-Discovery_FW_V1.0.0/Libraries/STM32_USB_Device_Library/Core/src/usbd_req.o
 .debug_abbrev  0x000000000000267c      0x44b ../../../STM32F401-Discovery_FW_V1.0.0/Libraries/STM32_USB_OTG_Driver/src/usb_core.o
 .debug_abbrev  0x0000000000002ac7      0x2ea ../../../STM32F401-Discovery_FW_V1.0.0/Libraries/STM32_USB_OTG_Driver/src/usb_dcd.o
 .debug_abbrev  0x0000000000002db1      0x324 ../../../STM32F401-Discovery_FW_V1.0.0/Libraries/STM32_USB_OTG_Driver/src/usb_dcd_int.o
 .debug_abbrev  0x00000000000030d5       0x12 /var/folders/yq/clzbzy1n1xj4t983g7hdfgzw0000gn/T//ccNq8jXm.o
 .debug_abbrev  0x00000000000030e7      0x1ce ../../../STM32F401-Discovery_FW_V1.0.0/libstm32f4.a(stm32f4xx_adc.o)
 .debug_abbrev  0x00000000000032b5      0x175 ../../../STM32F401-Discovery_FW_V1.0.0/libstm32f4.a(stm32f4xx_dma.o)
 .debug_abbrev  0x000000000000342a      0x1c5 ../../../STM32F401-Discovery_FW_V1.0.0/libstm32f4.a(stm32f4xx_exti.o)
 .debug_abbrev  0x00000000000035ef      0x1f5 ../../../STM32F401-Discovery_FW_V1.0.0/libstm32f4.a(stm32f4xx_flash.o)
 .debug_abbrev  0x00000000000037e4      0x1f8 ../../../STM32F401-Discovery_FW_V1.0.0/libstm32f4.a(stm32f4xx_gpio.o)
 .debug_abbrev  0x00000000000039dc      0x1ef ../../../STM32F401-Discovery_FW_V1.0.0/libstm32f4.a(stm32f4xx_i2c.o)
 .debug_abbrev  0x0000000000003bcb      0x257 ../../../STM32F401-Discovery_FW_V1.0.0/libstm32f4.a(stm32f4xx_rcc.o)
 .debug_abbrev  0x0000000000003e22      0x1e7 ../../../STM32F401-Discovery_FW_V1.0.0/libstm32f4.a(stm32f4xx_spi.o)
 .debug_abbrev  0x0000000000004009      0x169 ../../../STM32F401-Discovery_FW_V1.0.0/libstm32f4.a(stm32f4xx_syscfg.o)
 .debug_abbrev  0x0000000000004172      0x291 ../../../STM32F401-Discovery_FW_V1.0.0/libstm32f4.a(stm32f4xx_tim.o)
 .debug_abbrev  0x0000000000004403      0x156 ../../../STM32F401-Discovery_FW_V1.0.0/libstm32f4.a(misc.o)

.debug_loc      0x0000000000000000     0x9f66
 .debug_loc     0x0000000000000000      0x140 main.o
 .debug_loc     0x0000000000000140       0x3a stm32f4xx_it.o
 .debug_loc     0x000000000000017a       0xb7 system_stm32f4xx.o
 .debug_loc     0x0000000000000231       0xa3 usb_bsp.o
 .debug_loc     0x00000000000002d4      0x29b usbd_desc.o
 .debug_loc     0x000000000000056f       0x91 usbd_usr.o
 .debug_loc     0x0000000000000600      0x27e selftest.o
 .debug_loc     0x000000000000087e       0x84 ../../Utilities/STM32F401-Discovery//stm32f401_discovery.o
 .debug_loc     0x0000000000000902      0x618 ../../Utilities/STM32F401-Discovery//stm32f401_discovery_audio_codec.o
 .debug_loc     0x0000000000000f1a      0x23d ../../Utilities/STM32F401-Discovery//stm32f401_discovery_l3gd20.o
 .debug_loc     0x0000000000001157      0x44e ../../Utilities/STM32F401-Discovery//stm32f401_discovery_lsm303dlhc.o
 .debug_loc     0x00000000000015a5      0x3af ../../../STM32F401-Discovery_FW_V1.0.0/Libraries/STM32_USB_Device_Library/Class/hid/src/usbd_hid_core.o
 .debug_loc     0x0000000000001954      0x506 ../../../STM32F401-Discovery_FW_V1.0.0/Libraries/STM32_USB_Device_Library/Core/src/usbd_core.o
 .debug_loc     0x0000000000001e5a      0x1f8 ../../../STM32F401-Discovery_FW_V1.0.0/Libraries/STM32_USB_Device_Library/Core/src/usbd_ioreq.o
 .debug_loc     0x0000000000002052      0x665 ../../../STM32F401-Discovery_FW_V1.0.0/Libraries/STM32_USB_Device_Library/Core/src/usbd_req.o
 .debug_loc     0x00000000000026b7     0x10cc ../../../STM32F401-Discovery_FW_V1.0.0/Libraries/STM32_USB_OTG_Driver/src/usb_core.o
 .debug_loc     0x0000000000003783      0x692 ../../../STM32F401-Discovery_FW_V1.0.0/Libraries/STM32_USB_OTG_Driver/src/usb_dcd.o
 .debug_loc     0x0000000000003e15      0x6c0 ../../../STM32F401-Discovery_FW_V1.0.0/Libraries/STM32_USB_OTG_Driver/src/usb_dcd_int.o
 .debug_loc     0x00000000000044d5      0x9b2 ../../../STM32F401-Discovery_FW_V1.0.0/libstm32f4.a(stm32f4xx_adc.o)
 .debug_loc     0x0000000000004e87      0x4b6 ../../../STM32F401-Discovery_FW_V1.0.0/libstm32f4.a(stm32f4xx_dma.o)
 .debug_loc     0x000000000000533d      0x1d7 ../../../STM32F401-Discovery_FW_V1.0.0/libstm32f4.a(stm32f4xx_exti.o)
 .debug_loc     0x0000000000005514      0x92f ../../../STM32F401-Discovery_FW_V1.0.0/libstm32f4.a(stm32f4xx_flash.o)
 .debug_loc     0x0000000000005e43      0x3b8 ../../../STM32F401-Discovery_FW_V1.0.0/libstm32f4.a(stm32f4xx_gpio.o)
 .debug_loc     0x00000000000061fb      0x7cf ../../../STM32F401-Discovery_FW_V1.0.0/libstm32f4.a(stm32f4xx_i2c.o)
 .debug_loc     0x00000000000069ca      0xd25 ../../../STM32F401-Discovery_FW_V1.0.0/libstm32f4.a(stm32f4xx_rcc.o)
 .debug_loc     0x00000000000076ef      0x5f3 ../../../STM32F401-Discovery_FW_V1.0.0/libstm32f4.a(stm32f4xx_spi.o)
 .debug_loc     0x0000000000007ce2       0xa6 ../../../STM32F401-Discovery_FW_V1.0.0/libstm32f4.a(stm32f4xx_syscfg.o)
 .debug_loc     0x0000000000007d88     0x2081 ../../../STM32F401-Discovery_FW_V1.0.0/libstm32f4.a(stm32f4xx_tim.o)
 .debug_loc     0x0000000000009e09      0x15d ../../../STM32F401-Discovery_FW_V1.0.0/libstm32f4.a(misc.o)

.debug_aranges  0x0000000000000000      0x8e0
 .debug_aranges
                0x0000000000000000       0x50 main.o
 .debug_aranges
                0x0000000000000050       0x78 stm32f4xx_it.o
 .debug_aranges
                0x00000000000000c8       0x28 system_stm32f4xx.o
 .debug_aranges
                0x00000000000000f0       0x38 usb_bsp.o
 .debug_aranges
                0x0000000000000128       0x50 usbd_desc.o
 .debug_aranges
                0x0000000000000178       0x50 usbd_usr.o
 .debug_aranges
                0x00000000000001c8       0x78 selftest.o
 .debug_aranges
                0x0000000000000240       0x48 ../../Utilities/STM32F401-Discovery//stm32f401_discovery.o
 .debug_aranges
                0x0000000000000288       0x90 ../../Utilities/STM32F401-Discovery//stm32f401_discovery_audio_codec.o
 .debug_aranges
                0x0000000000000318       0x70 ../../Utilities/STM32F401-Discovery//stm32f401_discovery_l3gd20.o
 .debug_aranges
                0x0000000000000388       0xa0 ../../Utilities/STM32F401-Discovery//stm32f401_discovery_lsm303dlhc.o
 .debug_aranges
                0x0000000000000428       0x48 ../../../STM32F401-Discovery_FW_V1.0.0/Libraries/STM32_USB_Device_Library/Class/hid/src/usbd_hid_core.o
 .debug_aranges
                0x0000000000000470       0x80 ../../../STM32F401-Discovery_FW_V1.0.0/Libraries/STM32_USB_Device_Library/Core/src/usbd_core.o
 .debug_aranges
                0x00000000000004f0       0x50 ../../../STM32F401-Discovery_FW_V1.0.0/Libraries/STM32_USB_Device_Library/Core/src/usbd_ioreq.o
 .debug_aranges
                0x0000000000000540       0x48 ../../../STM32F401-Discovery_FW_V1.0.0/Libraries/STM32_USB_Device_Library/Core/src/usbd_req.o
 .debug_aranges
                0x0000000000000588      0x130 ../../../STM32F401-Discovery_FW_V1.0.0/Libraries/STM32_USB_OTG_Driver/src/usb_core.o
 .debug_aranges
                0x00000000000006b8       0x80 ../../../STM32F401-Discovery_FW_V1.0.0/Libraries/STM32_USB_OTG_Driver/src/usb_dcd.o
 .debug_aranges
                0x0000000000000738       0x20 ../../../STM32F401-Discovery_FW_V1.0.0/Libraries/STM32_USB_OTG_Driver/src/usb_dcd_int.o
 .debug_aranges
                0x0000000000000758       0x28 /var/folders/yq/clzbzy1n1xj4t983g7hdfgzw0000gn/T//ccNq8jXm.o
 .debug_aranges
                0x0000000000000780       0x20 ../../../STM32F401-Discovery_FW_V1.0.0/libstm32f4.a(stm32f4xx_adc.o)
 .debug_aranges
                0x00000000000007a0       0x20 ../../../STM32F401-Discovery_FW_V1.0.0/libstm32f4.a(stm32f4xx_dma.o)
 .debug_aranges